Component: ARM Compiler 5.06 update 6 (build 750) Tool: armlink [4d35ed]

==============================================================================

Section Cross References

    startup_stm32f407xx.o(RESET) refers to startup_stm32f407xx.o(STACK) for __initial_sp
    startup_stm32f407xx.o(RESET) refers to startup_stm32f407xx.o(.text) for Reset_Handler
    startup_stm32f407xx.o(RESET) refers to stm32f4xx_it.o(i.SysTick_Handler) for SysTick_Handler
    startup_stm32f407xx.o(RESET) refers to stm32f4xx_it.o(i.PVD_IRQHandler) for PVD_IRQHandler
    startup_stm32f407xx.o(RESET) refers to stm32f4xx_it.o(i.FLASH_IRQHandler) for FLASH_IRQHandler
    startup_stm32f407xx.o(RESET) refers to stm32f4xx_it.o(i.RCC_IRQHandler) for RCC_IRQHandler
    startup_stm32f407xx.o(RESET) refers to stm32f4xx_it.o(i.EXTI9_5_IRQHandler) for EXTI9_5_IRQHandler
    startup_stm32f407xx.o(RESET) refers to stm32f4xx_it.o(i.TIM1_BRK_TIM9_IRQHandler) for TIM1_BRK_TIM9_IRQHandler
    startup_stm32f407xx.o(RESET) refers to stm32f4xx_it.o(i.TIM1_UP_TIM10_IRQHandler) for TIM1_UP_TIM10_IRQHandler
    startup_stm32f407xx.o(RESET) refers to stm32f4xx_it.o(i.TIM1_TRG_COM_TIM11_IRQHandler) for TIM1_TRG_COM_TIM11_IRQHandler
    startup_stm32f407xx.o(RESET) refers to stm32f4xx_it.o(i.TIM1_CC_IRQHandler) for TIM1_CC_IRQHandler
    startup_stm32f407xx.o(RESET) refers to stm32f4xx_it.o(i.TIM2_IRQHandler) for TIM2_IRQHandler
    startup_stm32f407xx.o(RESET) refers to stm32f4xx_it.o(i.TIM3_IRQHandler) for TIM3_IRQHandler
    startup_stm32f407xx.o(RESET) refers to stm32f4xx_it.o(i.TIM4_IRQHandler) for TIM4_IRQHandler
    startup_stm32f407xx.o(RESET) refers to stm32f4xx_it.o(i.I2C1_EV_IRQHandler) for I2C1_EV_IRQHandler
    startup_stm32f407xx.o(RESET) refers to stm32f4xx_it.o(i.I2C1_ER_IRQHandler) for I2C1_ER_IRQHandler
    startup_stm32f407xx.o(RESET) refers to stm32f4xx_it.o(i.SPI1_IRQHandler) for SPI1_IRQHandler
    startup_stm32f407xx.o(RESET) refers to stm32f4xx_it.o(i.USART2_IRQHandler) for USART2_IRQHandler
    startup_stm32f407xx.o(RESET) refers to stm32f4xx_it.o(i.TIM8_BRK_TIM12_IRQHandler) for TIM8_BRK_TIM12_IRQHandler
    startup_stm32f407xx.o(RESET) refers to stm32f4xx_it.o(i.TIM8_UP_TIM13_IRQHandler) for TIM8_UP_TIM13_IRQHandler
    startup_stm32f407xx.o(RESET) refers to stm32f4xx_it.o(i.TIM8_TRG_COM_TIM14_IRQHandler) for TIM8_TRG_COM_TIM14_IRQHandler
    startup_stm32f407xx.o(RESET) refers to stm32f4xx_it.o(i.TIM8_CC_IRQHandler) for TIM8_CC_IRQHandler
    startup_stm32f407xx.o(RESET) refers to stm32f4xx_it.o(i.TIM5_IRQHandler) for TIM5_IRQHandler
    startup_stm32f407xx.o(RESET) refers to stm32f4xx_it.o(i.SPI3_IRQHandler) for SPI3_IRQHandler
    startup_stm32f407xx.o(RESET) refers to stm32f4xx_it.o(i.TIM6_DAC_IRQHandler) for TIM6_DAC_IRQHandler
    startup_stm32f407xx.o(RESET) refers to stm32f4xx_it.o(i.TIM7_IRQHandler) for TIM7_IRQHandler
    startup_stm32f407xx.o(RESET) refers to stm32f4xx_it.o(i.HASH_RNG_IRQHandler) for HASH_RNG_IRQHandler
    startup_stm32f407xx.o(RESET) refers to stm32f4xx_it.o(i.FPU_IRQHandler) for FPU_IRQHandler
    startup_stm32f407xx.o(.text) refers to system_stm32f4xx.o(i.SystemInit) for SystemInit
    startup_stm32f407xx.o(.text) refers to entry.o(.ARM.Collect$$$$00000000) for __main
    gpio.o(i.MX_GPIO_Init) refers to stm32f4xx_hal_gpio.o(i.HAL_GPIO_WritePin) for HAL_GPIO_WritePin
    gpio.o(i.MX_GPIO_Init) refers to stm32f4xx_hal_gpio.o(i.HAL_GPIO_Init) for HAL_GPIO_Init
    gpio.o(i.MX_GPIO_Init) refers to stm32f4xx_hal_cortex.o(i.HAL_NVIC_SetPriority) for HAL_NVIC_SetPriority
    gpio.o(i.MX_GPIO_Init) refers to stm32f4xx_hal_cortex.o(i.HAL_NVIC_EnableIRQ) for HAL_NVIC_EnableIRQ
    i2c.o(i.HAL_I2C_MspDeInit) refers to stm32f4xx_hal_gpio.o(i.HAL_GPIO_DeInit) for HAL_GPIO_DeInit
    i2c.o(i.HAL_I2C_MspDeInit) refers to stm32f4xx_hal_cortex.o(i.HAL_NVIC_DisableIRQ) for HAL_NVIC_DisableIRQ
    i2c.o(i.HAL_I2C_MspInit) refers to stm32f4xx_hal_gpio.o(i.HAL_GPIO_Init) for HAL_GPIO_Init
    i2c.o(i.HAL_I2C_MspInit) refers to stm32f4xx_hal_cortex.o(i.HAL_NVIC_SetPriority) for HAL_NVIC_SetPriority
    i2c.o(i.HAL_I2C_MspInit) refers to stm32f4xx_hal_cortex.o(i.HAL_NVIC_EnableIRQ) for HAL_NVIC_EnableIRQ
    i2c.o(i.MX_I2C1_Init) refers to stm32f4xx_hal_i2c.o(i.HAL_I2C_Init) for HAL_I2C_Init
    i2c.o(i.MX_I2C1_Init) refers to main.o(i._Error_Handler) for _Error_Handler
    i2c.o(i.MX_I2C1_Init) refers to i2c.o(.bss) for .bss
    i2s.o(i.HAL_I2S_MspDeInit) refers to stm32f4xx_hal_gpio.o(i.HAL_GPIO_DeInit) for HAL_GPIO_DeInit
    i2s.o(i.HAL_I2S_MspDeInit) refers to stm32f4xx_hal_cortex.o(i.HAL_NVIC_DisableIRQ) for HAL_NVIC_DisableIRQ
    i2s.o(i.HAL_I2S_MspInit) refers to stm32f4xx_hal_gpio.o(i.HAL_GPIO_Init) for HAL_GPIO_Init
    i2s.o(i.HAL_I2S_MspInit) refers to stm32f4xx_hal_cortex.o(i.HAL_NVIC_SetPriority) for HAL_NVIC_SetPriority
    i2s.o(i.HAL_I2S_MspInit) refers to stm32f4xx_hal_cortex.o(i.HAL_NVIC_EnableIRQ) for HAL_NVIC_EnableIRQ
[...]
    i.SysTick_Handler                        0x08003a3e   Section        0  stm32f4xx_it.o(i.SysTick_Handler)
    i.SystemInit                             0x08003a4c   Section        0  system_stm32f4xx.o(i.SystemInit)
    i.TIM1_BRK_TIM9_IRQHandler               0x08003aa0   Section        0  stm32f4xx_it.o(i.TIM1_BRK_TIM9_IRQHandler)
    i.TIM1_CC_IRQHandler                     0x08003abc   Section        0  stm32f4xx_it.o(i.TIM1_CC_IRQHandler)
    i.TIM1_TRG_COM_TIM11_IRQHandler          0x08003ac8   Section        0  stm32f4xx_it.o(i.TIM1_TRG_COM_TIM11_IRQHandler)
    i.TIM1_UP_TIM10_IRQHandler               0x08003ae4   Section        0  stm32f4xx_it.o(i.TIM1_UP_TIM10_IRQHandler)
    i.TIM2_IRQHandler                        0x08003b00   Section        0  stm32f4xx_it.o(i.TIM2_IRQHandler)
    i.TIM3_IRQHandler                        0x08003b0c   Section        0  stm32f4xx_it.o(i.TIM3_IRQHandler)
    i.TIM4_IRQHandler                        0x08003b18   Section        0  stm32f4xx_it.o(i.TIM4_IRQHandler)
    i.TIM5_IRQHandler                        0x08003b24   Section        0  stm32f4xx_it.o(i.TIM5_IRQHandler)
    i.TIM6_DAC_IRQHandler                    0x08003b30   Section        0  stm32f4xx_it.o(i.TIM6_DAC_IRQHandler)
    i.TIM7_IRQHandler                        0x08003b3c   Section        0  stm32f4xx_it.o(i.TIM7_IRQHandler)
    i.TIM8_BRK_TIM12_IRQHandler              0x08003b48   Section        0  stm32f4xx_it.o(i.TIM8_BRK_TIM12_IRQHandler)
    i.TIM8_CC_IRQHandler                     0x08003b64   Section        0  stm32f4xx_it.o(i.TIM8_CC_IRQHandler)
    i.TIM8_TRG_COM_TIM14_IRQHandler          0x08003b70   Section        0  stm32f4xx_it.o(i.TIM8_TRG_COM_TIM14_IRQHandler)
    i.TIM8_UP_TIM13_IRQHandler               0x08003b8c   Section        0  stm32f4xx_it.o(i.TIM8_UP_TIM13_IRQHandler)
    i.TIM_Base_SetConfig                     0x08003ba8   Section        0  stm32f4xx_hal_tim.o(i.TIM_Base_SetConfig)
    i.TIM_ETR_SetConfig                      0x08003c68   Section        0  stm32f4xx_hal_tim.o(i.TIM_ETR_SetConfig)
    TIM_ETR_SetConfig                        0x08003c69   Thumb Code    20  stm32f4xx_hal_tim.o(i.TIM_ETR_SetConfig)
    i.TIM_ITRx_SetConfig                     0x08003c7c   Section        0  stm32f4xx_hal_tim.o(i.TIM_ITRx_SetConfig)
    TIM_ITRx_SetConfig                       0x08003c7d   Thumb Code    16  stm32f4xx_hal_tim.o(i.TIM_ITRx_SetConfig)
    i.TIM_TI1_ConfigInputStage               0x08003c8c   Section        0  stm32f4xx_hal_tim.o(i.TIM_TI1_ConfigInputStage)
    TIM_TI1_ConfigInputStage                 0x08003c8d   Thumb Code    34  stm32f4xx_hal_tim.o(i.TIM_TI1_ConfigInputStage)
    i.TIM_TI2_ConfigInputStage               0x08003cae   Section        0  stm32f4xx_hal_tim.o(i.TIM_TI2_ConfigInputStage)
    TIM_TI2_ConfigInputStage                 0x08003caf   Thumb Code    36  stm32f4xx_hal_tim.o(i.TIM_TI2_ConfigInputStage)
    i.UART_DMAAbortOnError                   0x08003cd2   Section        0  stm32f4xx_hal_uart.o(i.UART_DMAAbortOnError)
    UART_DMAAbortOnError                     0x08003cd3   Thumb Code    16  stm32f4xx_hal_uart.o(i.UART_DMAAbortOnError)
    i.UART_EndRxTransfer                     0x08003ce2   Section        0  stm32f4xx_hal_uart.o(i.UART_EndRxTransfer)
    UART_EndRxTransfer                       0x08003ce3   Thumb Code    28  stm32f4xx_hal_uart.o(i.UART_EndRxTransfer)
    i.UART_Receive_IT                        0x08003cfe   Section        0  stm32f4xx_hal_uart.o(i.UART_Receive_IT)
    UART_Receive_IT                          0x08003cff   Thumb Code   140  stm32f4xx_hal_uart.o(i.UART_Receive_IT)
    i.UART_Transmit_IT                       0x08003d8a   Section        0  stm32f4xx_hal_uart.o(i.UART_Transmit_IT)
    UART_Transmit_IT                         0x08003d8b   Thumb Code    98  stm32f4xx_hal_uart.o(i.UART_Transmit_IT)
    i.USART2_IRQHandler                      0x08003dec   Section        0  stm32f4xx_it.o(i.USART2_IRQHandler)
    i._Error_Handler                         0x08003df8   Section        0  main.o(i._Error_Handler)
    i._Z15testAnalogMeterv                   0x08003dfc   Section        0  main.o(i._Z15testAnalogMeterv)
    i._Z18SystemClock_Configv                0x08003e8c   Section        0  main.o(i._Z18SystemClock_Configv)
    i._Z3maplllll                            0x08003f40   Section        0  ili9341_gfx.o(i._Z3maplllll)
    i._Z7dtostrfdahPc                        0x08003f54   Section        0  ili9341_gfx.o(i._Z7dtostrfdahPc)
    i._ZN3GFX12TFT_DrawCharEchhttt           0x08003f94   Section        0  ili9341_gfx.o(i._ZN3GFX12TFT_DrawCharEchhttt)
    i._ZN3GFX12TFT_DrawTextEPKchhttt         0x08004048   Section        0  ili9341_gfx.o(i._ZN3GFX12TFT_DrawTextEPKchhttt)
    i._ZN3GFX14TFT_PlotNeedleEih             0x08004088   Section        0  ili9341_gfx.o(i._ZN3GFX14TFT_PlotNeedleEih)
    i._ZN3GFX15TFT_AnalogMeterEv             0x080043c0   Section        0  ili9341_gfx.o(i._ZN3GFX15TFT_AnalogMeterEv)
    i._ZN3GFX16TFT_FillTriangleEiiiiiij      0x08004984   Section        0  ili9341_gfx.o(i._ZN3GFX16TFT_FillTriangleEiiiiiij)
    i._ZN3GFX17TFT_DrawRectangleEttttt       0x08004ad4   Section        0  ili9341_gfx.o(i._ZN3GFX17TFT_DrawRectangleEttttt)
    i._ZN3GFX8TFT_InitEv                     0x08004b48   Section        0  ili9341_gfx.o(i._ZN3GFX8TFT_InitEv)
    i._ZN7ILI934112ILI9341_InitEv            0x08004b4c   Section        0  ili9341_stm32_driver.o(i._ZN7ILI934112ILI9341_InitEv)
    i._ZN7ILI934113ILI9341_ResetEv           0x08004e14   Section        0  ili9341_stm32_driver.o(i._ZN7ILI934113ILI9341_ResetEv)
    i._ZN7ILI934114ILI9341_EnableEv          0x08004e50   Section        0  ili9341_stm32_driver.o(i._ZN7ILI934114ILI9341_EnableEv)
    i._ZN7ILI934115ILI9341_SPIInitEv         0x08004e60   Section        0  ili9341_stm32_driver.o(i._ZN7ILI934115ILI9341_SPIInitEv)
    i._ZN7ILI934115ILI9341_SPISendEh         0x08004e7c   Section        0  ili9341_stm32_driver.o(i._ZN7ILI934115ILI9341_SPISendEh)
    i._ZN7ILI934116ILI9341_DrawLineEiiiij    0x08004e90   Section        0  ili9341_stm32_driver.o(i._ZN7ILI934116ILI9341_DrawLineEiiiij)
    i._ZN7ILI934117ILI9341_DrawPixelEttt     0x08004fb0   Section        0  ili9341_stm32_driver.o(i._ZN7ILI934117ILI9341_DrawPixelEttt)
    i._ZN7ILI934117ILI9341_WriteDataEh       0x08005108   Section        0  ili9341_stm32_driver.o(i._ZN7ILI934117ILI9341_WriteDataEh)
    i._ZN7ILI934118ILI9341_FillScrennEt      0x08005140   Section        0  ili9341_stm32_driver.o(i._ZN7ILI934118ILI9341_FillScrennEt)
    i._ZN7ILI934118ILI9341_SetAddressEtttt   0x08005170   Section        0  ili9341_stm32_driver.o(i._ZN7ILI934118ILI9341_SetAddressEtttt)
    i._ZN7ILI934119ILI9341_SetRotationEh     0x080051dc   Section        0  ili9341_stm32_driver.o(i._ZN7ILI934119ILI9341_SetRotationEh)
    i._ZN7ILI934120ILI9341_WriteCommandEh    0x08005228   Section        0  ili9341_stm32_driver.o(i._ZN7ILI934120ILI9341_WriteCommandEh)
    i._ZN7ILI934123ILI9341_DrawColourBurstEtj 0x08005260   Section        0  ili9341_stm32_driver.o(i._ZN7ILI934123ILI9341_DrawColourBurstEtj)
    i._ZN7ILI934124ILI9341_DrawVerticalLineEtttt 0x080052f4   Section        0  ili9341_stm32_driver.o(i._ZN7ILI934124ILI9341_DrawVerticalLineEtttt)
    i._ZN7ILI934126ILI9341_DrawHorizontalLineEtttt 0x08005344   Section        0  ili9341_stm32_driver.o(i._ZN7ILI934126ILI9341_DrawHorizontalLineEtttt)
    i.__0sprintf                             0x08005394   Section        0  printfa.o(i.__0sprintf)
    i.__ARM_fpclassify                       0x080053bc   Section        0  fpclassify.o(i.__ARM_fpclassify)
    i.__hardfp_cos                           0x080053f0   Section        0  cos.o(i.__hardfp_cos)
    i.__hardfp_sin                           0x080054b8   Section        0  sin.o(i.__hardfp_sin)
    i.__hardfp_tan                           0x08005580   Section        0  tan.o(i.__hardfp_tan)
    i.__ieee754_rem_pio2                     0x08005600   Section        0  rred.o(i.__ieee754_rem_pio2)
    i.__kernel_cos                           0x08005a38   Section        0  cos_i.o(i.__kernel_cos)
    i.__kernel_poly                          0x08005ba8   Section        0  poly.o(i.__kernel_poly)
    i.__kernel_sin                           0x08005ca0   Section        0  sin_i.o(i.__kernel_sin)
    i.__kernel_tan                           0x08005dd0   Section        0  tan_i.o(i.__kernel_tan)
    i.__mathlib_dbl_infnan                   0x08006120   Section        0  dunder.o(i.__mathlib_dbl_infnan)
    i.__mathlib_dbl_invalid                  0x08006138   Section        0  dunder.o(i.__mathlib_dbl_invalid)
    i.__mathlib_dbl_underflow                0x08006158   Section        0  dunder.o(i.__mathlib_dbl_underflow)
    i.__scatterload_copy                     0x08006178   Section       14  handlers.o(i.__scatterload_copy)
    i.__scatterload_null                     0x08006186   Section        2  handlers.o(i.__scatterload_null)
    i.__scatterload_zeroinit                 0x08006188   Section       14  handlers.o(i.__scatterload_zeroinit)
    i.__set_errno                            0x08006198   Section        0  errno.o(i.__set_errno)
    i.__sti___15_ILI9341_GFX_cpp_M_SIZE      0x080061a4   Section        0  ili9341_gfx.o(i.__sti___15_ILI9341_GFX_cpp_M_SIZE)
    __sti___15_ILI9341_GFX_cpp_M_SIZE        0x080061a5   Thumb Code    32  ili9341_gfx.o(i.__sti___15_ILI9341_GFX_cpp_M_SIZE)
    i._fp_digits                             0x080061cc   Section        0  printfa.o(i._fp_digits)
    _fp_digits                               0x080061cd   Thumb Code   366  printfa.o(i._fp_digits)
    i._printf_core                           0x08006350   Section        0  printfa.o(i._printf_core)
    _printf_core                             0x08006351   Thumb Code  1744  printfa.o(i._printf_core)
    i._printf_post_padding                   0x08006a2c   Section        0  printfa.o(i._printf_post_padding)
    _printf_post_padding                     0x08006a2d   Thumb Code    36  printfa.o(i._printf_post_padding)
    i._printf_pre_padding                    0x08006a50   Section        0  printfa.o(i._printf_pre_padding)
    _printf_pre_padding                      0x08006a51   Thumb Code    46  printfa.o(i._printf_pre_padding)
    i._sputc                                 0x08006a7e   Section        0  printfa.o(i._sputc)
    _sputc                                   0x08006a7f   Thumb Code    10  printfa.o(i._sputc)
    i.fabs                                   0x08006a88   Section        0  fabs.o(i.fabs)
    i.main                                   0x08006aa0   Section        0  main.o(i.main)
    .constdata                               0x08006b14   Section       24  main.o(.constdata)
    .constdata                               0x08006b2c   Section      576  ili9341_gfx.o(.constdata)
    font                                     0x08006b2c   Data         576  ili9341_gfx.o(.constdata)
    .constdata                               0x08006d6c   Section       16  system_stm32f4xx.o(.constdata)
    .constdata                               0x08006d7c   Section        8  system_stm32f4xx.o(.constdata)
    .constdata                               0x08006d88   Section       48  cos_i.o(.constdata)
    C                                        0x08006d88   Data          48  cos_i.o(.constdata)
    .constdata                               0x08006db8   Section      200  rred.o(.constdata)
    pio2s                                    0x08006db8   Data          48  rred.o(.constdata)
    twooverpi                                0x08006de8   Data         152  rred.o(.constdata)
    .constdata                               0x08006e80   Section       40  sin_i.o(.constdata)
    S                                        0x08006e80   Data          40  sin_i.o(.constdata)
    .constdata                               0x08006ea8   Section       96  tan_i.o(.constdata)
    Todd                                     0x08006ea8   Data          48  tan_i.o(.constdata)
    Teven                                    0x08006ed8   Data          48  tan_i.o(.constdata)
    .init_array                              0x08006f28   Section        4  ili9341_gfx.o(.init_array)
    .init_array                              0x08006f2c   Section        0  cpp_init.o(.init_array)
    .data                                    0x20000000   Section        1  main.o(.data)
    .data                                    0x20000004   Section       20  ili9341_gfx.o(.data)
    .data                                    0x20000018   Section        4  ili9341_stm32_driver.o(.data)
    .data                                    0x2000001c   Section       12  stm32f4xx_hal.o(.data)
    .data                                    0x20000028   Section        4  system_stm32f4xx.o(.data)
    .data                                    0x2000002c   Section        4  errno.o(.data)
    _errno                                   0x2000002c   Data           4  errno.o(.data)
    .bss                                     0x20000030   Section       84  i2c.o(.bss)
    .bss                                     0x20000084   Section       72  i2s.o(.bss)
    .bss                                     0x200000cc   Section       12  rng.o(.bss)
    .bss                                     0x200000d8   Section       88  spi.o(.bss)
    .bss                                     0x20000130   Section      840  tim.o(.bss)
    .bss                                     0x20000478   Section       64  usart.o(.bss)
    .bss                                     0x200004b8   Section       32  stm32f4xx_hal_flash.o(.bss)
    STACK                                    0x200004d8   Section     1024  startup_stm32f407xx.o(STACK)

    Global Symbols

    Symbol Name                              Value     Ov Type        Size  Object(Section)

    BuildAttributes$$THM_ISAv4$E$P$D$K$B$S$7EM$VFPi3$EXTD16$VFPS$VFMA$PE$A:L22UL41UL21$X:L11$S22US41US21$IEEE1$IW$USESV6$~STKCKD$USESV7$~SHL$OTIME$ROPI$IEEEX$EBA8$MICROLIB$REQ8$PRES8$EABIv2 0x00000000   Number         0  anon$$obj.o ABSOLUTE
    __ARM_use_no_argv                        0x00000000   Number         0  main.o ABSOLUTE
    _printf_a                                0x00000000   Number         0  stubs.o ABSOLUTE
    _printf_c                                0x00000000   Number         0  stubs.o ABSOLUTE
    _printf_charcount                        0x00000000   Number         0  stubs.o ABSOLUTE
    _printf_d                                0x00000000   Number         0  stubs.o ABSOLUTE
    _printf_e                                0x00000000   Number         0  stubs.o ABSOLUTE
    _printf_f                                0x00000000   Number         0  stubs.o ABSOLUTE
    _printf_flags                            0x00000000   Number         0  stubs.o ABSOLUTE
    _printf_fp_dec                           0x00000000   Number         0  stubs.o ABSOLUTE
    _printf_fp_hex                           0x00000000   Number         0  stubs.o ABSOLUTE
    _printf_g                                0x00000000   Number         0  stubs.o ABSOLUTE
    _printf_i                                0x00000000   Number         0  stubs.o ABSOLUTE
    _printf_int_dec                          0x00000000   Number         0  stubs.o ABSOLUTE
    _printf_l                                0x00000000   Number         0  stubs.o ABSOLUTE
    _printf_lc                               0x00000000   Number         0  stubs.o ABSOLUTE
    _printf_ll                               0x00000000   Number         0  stubs.o ABSOLUTE
    _printf_lld                              0x00000000   Number         0  stubs.o ABSOLUTE
    _printf_lli                              0x00000000   Number         0  stubs.o ABSOLUTE
    _printf_llo                              0x00000000   Number         0  stubs.o ABSOLUTE
    _printf_llu                              0x00000000   Number         0  stubs.o ABSOLUTE
    _printf_llx                              0x00000000   Number         0  stubs.o ABSOLUTE
    _printf_longlong_dec                     0x00000000   Number         0  stubs.o ABSOLUTE
    _printf_longlong_hex                     0x00000000   Number         0  stubs.o ABSOLUTE
    _printf_longlong_oct                     0x00000000   Number         0  stubs.o ABSOLUTE
    _printf_ls                               0x00000000   Number         0  stubs.o ABSOLUTE
    _printf_mbtowc                           0x00000000   Number         0  stubs.o ABSOLUTE
    _printf_n                                0x00000000   Number         0  stubs.o ABSOLUTE
    _printf_o                                0x00000000   Number         0  stubs.o ABSOLUTE
    _printf_p                                0x00000000   Number         0  stubs.o ABSOLUTE
    _printf_percent                          0x00000000   Number         0  stubs.o ABSOLUTE
    _printf_pre_padding                      0x00000000   Number         0  stubs.o ABSOLUTE
    _printf_return_value                     0x00000000   Number         0  stubs.o ABSOLUTE
    _printf_s                                0x00000000   Number         0  stubs.o ABSOLUTE
    _printf_sizespec                         0x00000000   Number         0  stubs.o ABSOLUTE
    _printf_str                              0x00000000   Number         0  stubs.o ABSOLUTE
    _printf_truncate_signed                  0x00000000   Number         0  stubs.o ABSOLUTE
    _printf_truncate_unsigned                0x00000000   Number         0  stubs.o ABSOLUTE
    _printf_u                                0x00000000   Number         0  stubs.o ABSOLUTE
    _printf_wc                               0x00000000   Number         0  stubs.o ABSOLUTE
    _printf_wctomb                           0x00000000   Number         0  stubs.o ABSOLUTE
    _printf_widthprec                        0x00000000   Number         0  stubs.o ABSOLUTE
    _printf_x                                0x00000000   Number         0  stubs.o ABSOLUTE
    __cxa_finalize                            - Undefined Weak Reference
    __decompress                              - Undefined Weak Reference
    _clock_init                               - Undefined Weak Reference
    _microlib_exit                            - Undefined Weak Reference
    __Vectors_Size                           0x00000188   Number         0  startup_stm32f407xx.o ABSOLUTE
    __Vectors                                0x08000000   Data           4  startup_stm32f407xx.o(RESET)
    __Vectors_End                            0x08000188   Data           0  startup_stm32f407xx.o(RESET)
    __main                                   0x08000189   Thumb Code     0  entry.o(.ARM.Collect$$$$00000000)
    _main_stk                                0x08000189   Thumb Code     0  entry2.o(.ARM.Collect$$$$00000001)
    _main_scatterload                        0x0800018d   Thumb Code     0  entry5.o(.ARM.Collect$$$$00000004)
    __main_after_scatterload                 0x08000191   Thumb Code     0  entry5.o(.ARM.Collect$$$$00000004)
    _main_clock                              0x08000191   Thumb Code     0  entry7b.o(.ARM.Collect$$$$00000008)
    _main_cpp_init$empty                     0x08000191   Thumb Code     0  entry8a.o(.ARM.Collect$$$$00000009)
    _main_cpp_init                           0x08000195   Thumb Code     0  entry8b.o(.ARM.Collect$$$$0000000A)
    _main_init                               0x08000195   Thumb Code     0  entry9a.o(.ARM.Collect$$$$0000000B)
    __rt_final_cpp                           0x0800019d   Thumb Code     0  entry10a.o(.ARM.Collect$$$$0000000D)
    __rt_final_exit                          0x0800019d   Thumb Code     0  entry11a.o(.ARM.Collect$$$$0000000F)
    Reset_Handler                            0x080001a1   Thumb Code     8  startup_stm32f407xx.o(.text)
    NMI_Handler                              0x080001a9   Thumb Code     2  startup_stm32f407xx.o(.text)
    HardFault_Handler                        0x080001ab   Thumb Code     2  startup_stm32f407xx.o(.text)
    MemManage_Handler                        0x080001ad   Thumb Code     2  startup_stm32f407xx.o(.text)
    BusFault_Handler                         0x080001af   Thumb Code     2  startup_stm32f407xx.o(.text)
    UsageFault_Handler                       0x080001b1   Thumb Code     2  startup_stm32f407xx.o(.text)
    SVC_Handler                              0x080001b3   Thumb Code     2  startup_stm32f407xx.o(.text)
    DebugMon_Handler                         0x080001b5   Thumb Code     2  startup_stm32f407xx.o(.text)
    PendSV_Handler                           0x080001b7   Thumb Code     2  startup_stm32f407xx.o(.text)
    ADC_IRQHandler                           0x080001bb   Thumb Code     0  startup_stm32f407xx.o(.text)
    CAN1_RX0_IRQHandler                      0x080001bb   Thumb Code     0  startup_stm32f407xx.o(.text)
    CAN1_RX1_IRQHandler                      0x080001bb   Thumb Code     0  startup_stm32f407xx.o(.text)
    CAN1_SCE_IRQHandler                      0x080001bb   Thumb Code     0  startup_stm32f407xx.o(.text)
    CAN1_TX_IRQHandler                       0x080001bb   Thumb Code     0  startup_stm32f407xx.o(.text)
    CAN2_RX0_IRQHandler                      0x080001bb   Thumb Code     0  startup_stm32f407xx.o(.text)
    CAN2_RX1_IRQHandler                      0x080001bb   Thumb Code     0  startup_stm32f407xx.o(.text)
    CAN2_SCE_IRQHandler                      0x080001bb   Thumb Code     0  startup_stm32f407xx.o(.text)
    CAN2_TX_IRQHandler                       0x080001bb   Thumb Code     0  startup_stm32f407xx.o(.text)
    DCMI_IRQHandler                          0x080001bb   Thumb Code     0  startup_stm32f407xx.o(.text)
    DMA1_Stream0_IRQHandler                  0x080001bb   Thumb Code     0  startup_stm32f407xx.o(.text)
    DMA1_Stream1_IRQHandler                  0x080001bb   Thumb Code     0  startup_stm32f407xx.o(.text)
    DMA1_Stream2_IRQHandler                  0x080001bb   Thumb Code     0  startup_stm32f407xx.o(.text)
    DMA1_Stream3_IRQHandler                  0x080001bb   Thumb Code     0  startup_stm32f407xx.o(.text)
    DMA1_Stream4_IRQHandler                  0x080001bb   Thumb Code     0  startup_stm32f407xx.o(.text)
    DMA1_Stream5_IRQHandler                  0x080001bb   Thumb Code     0  startup_stm32f407xx.o(.text)
    DMA1_Stream6_IRQHandler                  0x080001bb   Thumb Code     0  startup_stm32f407xx.o(.text)
    DMA1_Stream7_IRQHandler                  0x080001bb   Thumb Code     0  startup_stm32f407xx.o(.text)
    DMA2_Stream0_IRQHandler                  0x080001bb   Thumb Code     0  startup_stm32f407xx.o(.text)
    DMA2_Stream1_IRQHandler                  0x080001bb   Thumb Code     0  startup_stm32f407xx.o(.text)
    DMA2_Stream2_IRQHandler                  0x080001bb   Thumb Code     0  startup_stm32f407xx.o(.text)
    DMA2_Stream3_IRQHandler                  0x080001bb   Thumb Code     0  startup_stm32f407xx.o(.text)
    DMA2_Stream4_IRQHandler                  0x080001bb   Thumb Code     0  startup_stm32f407xx.o(.text)
    DMA2_Stream5_IRQHandler                  0x080001bb   Thumb Code     0  startup_stm32f407xx.o(.text)
    DMA2_Stream6_IRQHandler                  0x080001bb   Thumb Code     0  startup_stm32f407xx.o(.text)
    DMA2_Stream7_IRQHandler                  0x080001bb   Thumb Code     0  startup_stm32f407xx.o(.text)
    ETH_IRQHandler                           0x080001bb   Thumb Code     0  startup_stm32f407xx.o(.text)
    ETH_WKUP_IRQHandler                      0x080001bb   Thumb Code     0  startup_stm32f407xx.o(.text)
    EXTI0_IRQHandler                         0x080001bb   Thumb Code     0  startup_stm32f407xx.o(.text)
    EXTI15_10_IRQHandler                     0x080001bb   Thumb Code     0  startup_stm32f407xx.o(.text)
    EXTI1_IRQHandler                         0x080001bb   Thumb Code     0  startup_stm32f407xx.o(.text)
    EXTI2_IRQHandler                         0x080001bb   Thumb Code     0  startup_stm32f407xx.o(.text)
    EXTI3_IRQHandler                         0x080001bb   Thumb Code     0  startup_stm32f407xx.o(.text)
    EXTI4_IRQHandler                         0x080001bb   Thumb Code     0  startup_stm32f407xx.o(.text)
    FMC_IRQHandler                           0x080001bb   Thumb Code     0  startup_stm32f407xx.o(.text)
    I2C2_ER_IRQHandler                       0x080001bb   Thumb Code     0  startup_stm32f407xx.o(.text)
    I2C2_EV_IRQHandler                       0x080001bb   Thumb Code     0  startup_stm32f407xx.o(.text)
    I2C3_ER_IRQHandler                       0x080001bb   Thumb Code     0  startup_stm32f407xx.o(.text)
    I2C3_EV_IRQHandler                       0x080001bb   Thumb Code     0  startup_stm32f407xx.o(.text)
    OTG_FS_IRQHandler                        0x080001bb   Thumb Code     0  startup_stm32f407xx.o(.text)
    OTG_FS_WKUP_IRQHandler                   0x080001bb   Thumb Code     0  startup_stm32f407xx.o(.text)
    OTG_HS_EP1_IN_IRQHandler                 0x080001bb   Thumb Code     0  startup_stm32f407xx.o(.text)
    OTG_HS_EP1_OUT_IRQHandler                0x080001bb   Thumb Code     0  startup_stm32f407xx.o(.text)
    OTG_HS_IRQHandler                        0x080001bb   Thumb Code     0  startup_stm32f407xx.o(.text)
    OTG_HS_WKUP_IRQHandler                   0x080001bb   Thumb Code     0  startup_stm32f407xx.o(.text)
    RTC_Alarm_IRQHandler                     0x080001bb   Thumb Code     0  startup_stm32f407xx.o(.text)
    RTC_WKUP_IRQHandler                      0x080001bb   Thumb Code     0  startup_stm32f407xx.o(.text)
    SDIO_IRQHandler                          0x080001bb   Thumb Code     0  startup_stm32f407xx.o(.text)
    SPI2_IRQHandler                          0x080001bb   Thumb Code     0  startup_stm32f407xx.o(.text)
    TAMP_STAMP_IRQHandler                    0x080001bb   Thumb Code     0  startup_stm32f407xx.o(.text)
    UART4_IRQHandler                         0x080001bb   Thumb Code     0  startup_stm32f407xx.o(.text)
    UART5_IRQHandler                         0x080001bb   Thumb Code     0  startup_stm32f407xx.o(.text)
    USART1_IRQHandler                        0x080001bb   Thumb Code     0  startup_stm32f407xx.o(.text)
    USART3_IRQHandler                        0x080001bb   Thumb Code     0  startup_stm32f407xx.o(.text)
    USART6_IRQHandler                        0x080001bb   Thumb Code     0  startup_stm32f407xx.o(.text)
    WWDG_IRQHandler                          0x080001bb   Thumb Code     0  startup_stm32f407xx.o(.text)
    __aeabi_uldivmod                         0x080001c5   Thumb Code    98  uldiv.o(.text)
    __aeabi_memcpy                           0x08000227   Thumb Code    36  memcpya.o(.text)
    __aeabi_memcpy4                          0x08000227   Thumb Code     0  memcpya.o(.text)
    __aeabi_memcpy8                          0x08000227   Thumb Code     0  memcpya.o(.text)
    __aeabi_memset                           0x0800024b   Thumb Code    14  memseta.o(.text)
    __aeabi_memset4                          0x0800024b   Thumb Code     0  memseta.o(.text)
    __aeabi_memset8                          0x0800024b   Thumb Code     0  memseta.o(.text)
    __aeabi_memclr                           0x08000259   Thumb Code     4  memseta.o(.text)
    __aeabi_memclr4                          0x08000259   Thumb Code     0  memseta.o(.text)
    __aeabi_memclr8                          0x08000259   Thumb Code     0  memseta.o(.text)
    _memset$wrapper                          0x0800025d   Thumb Code    18  memseta.o(.text)
    __cpp_initialize__aeabi_                 0x08000271   Thumb Code    22  cpp_init.o(.text)
    __aeabi_dadd                             0x08000291   Thumb Code   322  dadd.o(.text)
    __aeabi_dsub                             0x080003d3   Thumb Code     6  dadd.o(.text)
    __aeabi_drsub                            0x080003d9   Thumb Code     6  dadd.o(.text)
    __aeabi_dmul                             0x080003df   Thumb Code   228  dmul.o(.text)
    __aeabi_i2d                              0x080004c3   Thumb Code    34  dflti.o(.text)
    __aeabi_d2iz                             0x080004e5   Thumb Code    62  dfixi.o(.text)
    __aeabi_f2d                              0x08000523   Thumb Code    38  f2d.o(.text)
    __aeabi_d2f                              0x08000549   Thumb Code    56  d2f.o(.text)
    __aeabi_uidiv                            0x08000581   Thumb Code     0  uidiv.o(.text)
    __aeabi_uidivmod                         0x08000581   Thumb Code    44  uidiv.o(.text)
    __aeabi_llsl                             0x080005ad   Thumb Code    30  llshl.o(.text)
    _ll_shift_l                              0x080005ad   Thumb Code     0  llshl.o(.text)
    __aeabi_llsr                             0x080005cb   Thumb Code    32  llushr.o(.text)
    _ll_ushift_r                             0x080005cb   Thumb Code     0  llushr.o(.text)
    __aeabi_lasr                             0x080005eb   Thumb Code    36  llsshr.o(.text)
    _ll_sshift_r                             0x080005eb   Thumb Code     0  llsshr.o(.text)
    __I$use$fp                               0x0800060f   Thumb Code     0  iusefp.o(.text)
    _float_round                             0x0800060f   Thumb Code    18  fepilogue.o(.text)
    _float_epilogue                          0x08000621   Thumb Code    92  fepilogue.o(.text)
    _double_round                            0x0800067d   Thumb Code    30  depilogue.o(.text)
    _double_epilogue                         0x0800069b   Thumb Code   156  depilogue.o(.text)
    __aeabi_ddiv                             0x08000737   Thumb Code   222  ddiv.o(.text)
    __aeabi_d2ulz                            0x08000815   Thumb Code    48  dfixul.o(.text)
    __aeabi_cdrcmple                         0x08000845   Thumb Code    48  cdrcmple.o(.text)
    __scatterload                            0x08000875   Thumb Code    28  init.o(.text)
    __scatterload_rt2                        0x08000875   Thumb Code     0  init.o(.text)
    __aeabi_ui2d                             0x08000899   Thumb Code    26  dfltui.o(.text)
    EXTI9_5_IRQHandler                       0x080008b3   Thumb Code     6  stm32f4xx_it.o(i.EXTI9_5_IRQHandler)
    FLASH_Erase_Sector                       0x080008b9   Thumb Code    74  stm32f4xx_hal_flash_ex.o(i.FLASH_Erase_Sector)
    FLASH_FlushCaches                        0x08000909   Thumb Code    80  stm32f4xx_hal_flash_ex.o(i.FLASH_FlushCaches)
    FLASH_IRQHandler                         0x0800095d   Thumb Code     4  stm32f4xx_it.o(i.FLASH_IRQHandler)
    FPU_IRQHandler                           0x080009c9   Thumb Code     2  stm32f4xx_it.o(i.FPU_IRQHandler)
    HAL_DMA_Abort_IT                         0x080009cb   Thumb Code    36  stm32f4xx_hal_dma.o(i.HAL_DMA_Abort_IT)
    HAL_Delay                                0x080009f1   Thumb Code    32  stm32f4xx_hal.o(i.HAL_Delay)
    HAL_FLASH_EndOfOperationCallback         0x08000a15   Thumb Code     2  stm32f4xx_hal_flash.o(i.HAL_FLASH_EndOfOperationCallback)
    HAL_FLASH_IRQHandler                     0x08000a19   Thumb Code   194  stm32f4xx_hal_flash.o(i.HAL_FLASH_IRQHandler)
    HAL_FLASH_OperationErrorCallback         0x08000ae5   Thumb Code     2  stm32f4xx_hal_flash.o(i.HAL_FLASH_OperationErrorCallback)
    HAL_GPIO_EXTI_Callback                   0x08000ae7   Thumb Code     2  stm32f4xx_hal_gpio.o(i.HAL_GPIO_EXTI_Callback)
    HAL_GPIO_EXTI_IRQHandler                 0x08000ae9   Thumb Code    18  stm32f4xx_hal_gpio.o(i.HAL_GPIO_EXTI_IRQHandler)
    HAL_GPIO_Init                            0x08000b01   Thumb Code   388  stm32f4xx_hal_gpio.o(i.HAL_GPIO_Init)
    HAL_GPIO_WritePin                        0x08000cb1   Thumb Code    10  stm32f4xx_hal_gpio.o(i.HAL_GPIO_WritePin)
    HAL_GetTick                              0x08000cbd   Thumb Code     6  stm32f4xx_hal.o(i.HAL_GetTick)
    HAL_I2C_AbortCpltCallback                0x08000cc9   Thumb Code     2  stm32f4xx_hal_i2c.o(i.HAL_I2C_AbortCpltCallback)
    HAL_I2C_AddrCallback                     0x08000ccb   Thumb Code     2  stm32f4xx_hal_i2c.o(i.HAL_I2C_AddrCallback)
    HAL_I2C_ER_IRQHandler                    0x08000ccd   Thumb Code   192  stm32f4xx_hal_i2c.o(i.HAL_I2C_ER_IRQHandler)
    HAL_I2C_EV_IRQHandler                    0x08000d91   Thumb Code   486  stm32f4xx_hal_i2c.o(i.HAL_I2C_EV_IRQHandler)
    HAL_I2C_ErrorCallback                    0x08000f81   Thumb Code     2  stm32f4xx_hal_i2c.o(i.HAL_I2C_ErrorCallback)
    HAL_I2C_Init                             0x08000f85   Thumb Code   254  stm32f4xx_hal_i2c.o(i.HAL_I2C_Init)
    HAL_I2C_ListenCpltCallback               0x0800108d   Thumb Code     2  stm32f4xx_hal_i2c.o(i.HAL_I2C_ListenCpltCallback)
    HAL_I2C_MasterRxCpltCallback             0x0800108f   Thumb Code     2  stm32f4xx_hal_i2c.o(i.HAL_I2C_MasterRxCpltCallback)
    HAL_I2C_MasterTxCpltCallback             0x08001091   Thumb Code     2  stm32f4xx_hal_i2c.o(i.HAL_I2C_MasterTxCpltCallback)
    HAL_I2C_MemRxCpltCallback                0x08001093   Thumb Code     2  stm32f4xx_hal_i2c.o(i.HAL_I2C_MemRxCpltCallback)
    HAL_I2C_MemTxCpltCallback                0x08001095   Thumb Code     2  stm32f4xx_hal_i2c.o(i.HAL_I2C_MemTxCpltCallback)
    HAL_I2C_MspInit                          0x08001099   Thumb Code    96  i2c.o(i.HAL_I2C_MspInit)
    HAL_I2C_SlaveRxCpltCallback              0x08001105   Thumb Code     2  stm32f4xx_hal_i2c.o(i.HAL_I2C_SlaveRxCpltCallback)
    HAL_I2C_SlaveTxCpltCallback              0x08001107   Thumb Code     2  stm32f4xx_hal_i2c.o(i.HAL_I2C_SlaveTxCpltCallback)
    HAL_I2SEx_FullDuplex_IRQHandler          0x08001109   Thumb Code   476  stm32f4xx_hal_i2s_ex.o(i.HAL_I2SEx_FullDuplex_IRQHandler)
    HAL_I2SEx_TxRxCpltCallback               0x080012ed   Thumb Code     2  stm32f4xx_hal_i2s_ex.o(i.HAL_I2SEx_TxRxCpltCallback)
    HAL_I2S_ErrorCallback                    0x080012ef   Thumb Code     2  stm32f4xx_hal_i2s.o(i.HAL_I2S_ErrorCallback)
    HAL_I2S_IRQHandler                       0x080012f1   Thumb Code     4  stm32f4xx_hal_i2s.o(i.HAL_I2S_IRQHandler)
    HAL_I2S_Init                             0x080012f5   Thumb Code   366  stm32f4xx_hal_i2s.o(i.HAL_I2S_Init)
    HAL_I2S_MspInit                          0x08001475   Thumb Code    98  i2s.o(i.HAL_I2S_MspInit)
    HAL_I2S_RxCpltCallback                   0x080014e9   Thumb Code     2  stm32f4xx_hal_i2s.o(i.HAL_I2S_RxCpltCallback)
    HAL_I2S_TxCpltCallback                   0x080014eb   Thumb Code     2  stm32f4xx_hal_i2s.o(i.HAL_I2S_TxCpltCallback)
    HAL_IncTick                              0x080014ed   Thumb Code    12  stm32f4xx_hal.o(i.HAL_IncTick)
    HAL_Init                                 0x080014fd   Thumb Code    48  stm32f4xx_hal.o(i.HAL_Init)
    HAL_InitTick                             0x08001531   Thumb Code    54  stm32f4xx_hal.o(i.HAL_InitTick)
    HAL_MspInit                              0x08001571   Thumb Code   190  stm32f4xx_hal_msp.o(i.HAL_MspInit)
    HAL_NVIC_EnableIRQ                       0x08001635   Thumb Code    22  stm32f4xx_hal_cortex.o(i.HAL_NVIC_EnableIRQ)
    HAL_NVIC_SetPriority                     0x0800164d   Thumb Code    60  stm32f4xx_hal_cortex.o(i.HAL_NVIC_SetPriority)
    HAL_NVIC_SetPriorityGrouping             0x0800168d   Thumb Code    26  stm32f4xx_hal_cortex.o(i.HAL_NVIC_SetPriorityGrouping)
    HAL_PWR_PVDCallback                      0x080016b1   Thumb Code     2  stm32f4xx_hal_pwr.o(i.HAL_PWR_PVDCallback)
    HAL_PWR_PVD_IRQHandler                   0x080016b5   Thumb Code    22  stm32f4xx_hal_pwr.o(i.HAL_PWR_PVD_IRQHandler)
    HAL_RCCEx_GetPeriphCLKFreq               0x080016d1   Thumb Code    76  stm32f4xx_hal_rcc_ex.o(i.HAL_RCCEx_GetPeriphCLKFreq)
    HAL_RCCEx_PeriphCLKConfig                0x0800172d   Thumb Code   296  stm32f4xx_hal_rcc_ex.o(i.HAL_RCCEx_PeriphCLKConfig)
    HAL_RCC_ClockConfig                      0x08001869   Thumb Code   286  stm32f4xx_hal_rcc.o(i.HAL_RCC_ClockConfig)
    HAL_RCC_GetHCLKFreq                      0x08001999   Thumb Code     6  stm32f4xx_hal_rcc.o(i.HAL_RCC_GetHCLKFreq)
    HAL_RCC_GetPCLK1Freq                     0x080019a5   Thumb Code    20  stm32f4xx_hal_rcc.o(i.HAL_RCC_GetPCLK1Freq)
    HAL_RCC_GetSysClockFreq                  0x080019c5   Thumb Code    88  stm32f4xx_hal_rcc.o(i.HAL_RCC_GetSysClockFreq)
    HAL_RCC_OscConfig                        0x08001a25   Thumb Code   770  stm32f4xx_hal_rcc.o(i.HAL_RCC_OscConfig)
    HAL_RNG_ErrorCallback                    0x08001d41   Thumb Code     2  stm32f4xx_hal_rng.o(i.HAL_RNG_ErrorCallback)
    HAL_RNG_IRQHandler                       0x08001d43   Thumb Code    82  stm32f4xx_hal_rng.o(i.HAL_RNG_IRQHandler)
    HAL_RNG_Init                             0x08001d95   Thumb Code    48  stm32f4xx_hal_rng.o(i.HAL_RNG_Init)
    HAL_RNG_MspInit                          0x08001dc5   Thumb Code    50  rng.o(i.HAL_RNG_MspInit)
    HAL_RNG_ReadyDataCallback                0x08001e01   Thumb Code     2  stm32f4xx_hal_rng.o(i.HAL_RNG_ReadyDataCallback)
    HAL_SPI_ErrorCallback                    0x08001e03   Thumb Code     2  stm32f4xx_hal_spi.o(i.HAL_SPI_ErrorCallback)
    HAL_SPI_IRQHandler                       0x08001e05   Thumb Code   208  stm32f4xx_hal_spi.o(i.HAL_SPI_IRQHandler)
    HAL_SPI_Init                             0x08001ed9   Thumb Code   128  stm32f4xx_hal_spi.o(i.HAL_SPI_Init)
    HAL_SPI_MspInit                          0x08001f59   Thumb Code    76  spi.o(i.HAL_SPI_MspInit)
    HAL_SPI_Transmit                         0x08001fb1   Thumb Code   360  stm32f4xx_hal_spi.o(i.HAL_SPI_Transmit)
    HAL_SYSTICK_CLKSourceConfig              0x08002119   Thumb Code    24  stm32f4xx_hal_cortex.o(i.HAL_SYSTICK_CLKSourceConfig)
    HAL_SYSTICK_Callback                     0x08002131   Thumb Code     2  stm32f4xx_hal_cortex.o(i.HAL_SYSTICK_Callback)
    HAL_SYSTICK_Config                       0x08002133   Thumb Code    40  stm32f4xx_hal_cortex.o(i.HAL_SYSTICK_Config)
    HAL_SYSTICK_IRQHandler                   0x0800215b   Thumb Code     8  stm32f4xx_hal_cortex.o(i.HAL_SYSTICK_IRQHandler)
    HAL_TIMEx_BreakCallback                  0x08002163   Thumb Code     2  stm32f4xx_hal_tim_ex.o(i.HAL_TIMEx_BreakCallback)
    HAL_TIMEx_CommutationCallback            0x08002165   Thumb Code     2  stm32f4xx_hal_tim_ex.o(i.HAL_TIMEx_CommutationCallback)
    HAL_TIMEx_MasterConfigSynchronization    0x08002167   Thumb Code    80  stm32f4xx_hal_tim_ex.o(i.HAL_TIMEx_MasterConfigSynchronization)
    HAL_TIM_Base_Init                        0x080021b7   Thumb Code    54  stm32f4xx_hal_tim.o(i.HAL_TIM_Base_Init)
    HAL_TIM_Base_MspInit                     0x080021ed   Thumb Code   618  tim.o(i.HAL_TIM_Base_MspInit)
    HAL_TIM_ConfigClockSource                0x08002491   Thumb Code   242  stm32f4xx_hal_tim.o(i.HAL_TIM_ConfigClockSource)
    HAL_TIM_IC_CaptureCallback               0x08002583   Thumb Code     2  stm32f4xx_hal_tim.o(i.HAL_TIM_IC_CaptureCallback)
    HAL_TIM_IRQHandler                       0x08002585   Thumb Code   358  stm32f4xx_hal_tim.o(i.HAL_TIM_IRQHandler)
    HAL_TIM_OC_DelayElapsedCallback          0x080026eb   Thumb Code     2  stm32f4xx_hal_tim.o(i.HAL_TIM_OC_DelayElapsedCallback)
    HAL_TIM_PWM_PulseFinishedCallback        0x080026ed   Thumb Code     2  stm32f4xx_hal_tim.o(i.HAL_TIM_PWM_PulseFinishedCallback)
    HAL_TIM_PeriodElapsedCallback            0x080026ef   Thumb Code     2  main.o(i.HAL_TIM_PeriodElapsedCallback)
    HAL_TIM_TriggerCallback                  0x080026f1   Thumb Code     2  stm32f4xx_hal_tim.o(i.HAL_TIM_TriggerCallback)
    HAL_UART_ErrorCallback                   0x080026f3   Thumb Code     2  stm32f4xx_hal_uart.o(i.HAL_UART_ErrorCallback)
    HAL_UART_IRQHandler                      0x080026f5   Thumb Code   266  stm32f4xx_hal_uart.o(i.HAL_UART_IRQHandler)
    HAL_UART_RxCpltCallback                  0x08002805   Thumb Code     2  stm32f4xx_hal_uart.o(i.HAL_UART_RxCpltCallback)
    HAL_UART_TxCpltCallback                  0x08002807   Thumb Code     2  stm32f4xx_hal_uart.o(i.HAL_UART_TxCpltCallback)
    HASH_RNG_IRQHandler                      0x08002809   Thumb Code     6  stm32f4xx_it.o(i.HASH_RNG_IRQHandler)
    I2C1_ER_IRQHandler                       0x08002815   Thumb Code     6  stm32f4xx_it.o(i.I2C1_ER_IRQHandler)
    I2C1_EV_IRQHandler                       0x08002821   Thumb Code     6  stm32f4xx_it.o(i.I2C1_EV_IRQHandler)
    MX_GPIO_Init                             0x08003119   Thumb Code   432  gpio.o(i.MX_GPIO_Init)
    MX_I2C1_Init                             0x080032e9   Thumb Code    54  i2c.o(i.MX_I2C1_Init)
    MX_I2S3_Init                             0x0800333d   Thumb Code    52  i2s.o(i.MX_I2S3_Init)
    MX_RNG_Init                              0x0800338d   Thumb Code    32  rng.o(i.MX_RNG_Init)
    MX_SPI1_Init                             0x080033c5   Thumb Code    72  spi.o(i.MX_SPI1_Init)
    MX_TIM10_Init                            0x08003425   Thumb Code    42  tim.o(i.MX_TIM10_Init)
    MX_TIM11_Init                            0x08003469   Thumb Code    42  tim.o(i.MX_TIM11_Init)
    MX_TIM12_Init                            0x080034ad   Thumb Code    64  tim.o(i.MX_TIM12_Init)
    MX_TIM13_Init                            0x08003505   Thumb Code    42  tim.o(i.MX_TIM13_Init)
    MX_TIM14_Init                            0x08003549   Thumb Code    42  tim.o(i.MX_TIM14_Init)
    MX_TIM1_Init                             0x0800358d   Thumb Code    88  tim.o(i.MX_TIM1_Init)
    MX_TIM2_Init                             0x080035fd   Thumb Code    88  tim.o(i.MX_TIM2_Init)
    MX_TIM3_Init                             0x08003669   Thumb Code    86  tim.o(i.MX_TIM3_Init)
    MX_TIM4_Init                             0x080036d9   Thumb Code    86  tim.o(i.MX_TIM4_Init)
    MX_TIM5_Init                             0x08003749   Thumb Code    86  tim.o(i.MX_TIM5_Init)
    MX_TIM6_Init                             0x080037b9   Thumb Code    64  tim.o(i.MX_TIM6_Init)
    MX_TIM7_Init                             0x08003811   Thumb Code    62  tim.o(i.MX_TIM7_Init)
    MX_TIM8_Init                             0x08003869   Thumb Code    94  tim.o(i.MX_TIM8_Init)
    MX_TIM9_Init                             0x080038e1   Thumb Code    64  tim.o(i.MX_TIM9_Init)
    PVD_IRQHandler                           0x08003959   Thumb Code     4  stm32f4xx_it.o(i.PVD_IRQHandler)
    RCC_IRQHandler                           0x0800395d   Thumb Code     2  stm32f4xx_it.o(i.RCC_IRQHandler)
    SPI1_IRQHandler                          0x08003961   Thumb Code     6  stm32f4xx_it.o(i.SPI1_IRQHandler)
    SPI3_IRQHandler                          0x0800396d   Thumb Code     6  stm32f4xx_it.o(i.SPI3_IRQHandler)
    SysTick_Handler                          0x08003a3f   Thumb Code    14  stm32f4xx_it.o(i.SysTick_Handler)
    SystemInit                               0x08003a4d   Thumb Code    66  system_stm32f4xx.o(i.SystemInit)
    TIM1_BRK_TIM9_IRQHandler                 0x08003aa1   Thumb Code    18  stm32f4xx_it.o(i.TIM1_BRK_TIM9_IRQHandler)
    TIM1_CC_IRQHandler                       0x08003abd   Thumb Code     6  stm32f4xx_it.o(i.TIM1_CC_IRQHandler)
    TIM1_TRG_COM_TIM11_IRQHandler            0x08003ac9   Thumb Code    18  stm32f4xx_it.o(i.TIM1_TRG_COM_TIM11_IRQHandler)
    TIM1_UP_TIM10_IRQHandler                 0x08003ae5   Thumb Code    18  stm32f4xx_it.o(i.TIM1_UP_TIM10_IRQHandler)
    TIM2_IRQHandler                          0x08003b01   Thumb Code     6  stm32f4xx_it.o(i.TIM2_IRQHandler)
    TIM3_IRQHandler                          0x08003b0d   Thumb Code     6  stm32f4xx_it.o(i.TIM3_IRQHandler)
    TIM4_IRQHandler                          0x08003b19   Thumb Code     6  stm32f4xx_it.o(i.TIM4_IRQHandler)
    TIM5_IRQHandler                          0x08003b25   Thumb Code     6  stm32f4xx_it.o(i.TIM5_IRQHandler)
    TIM6_DAC_IRQHandler                      0x08003b31   Thumb Code     6  stm32f4xx_it.o(i.TIM6_DAC_IRQHandler)
    TIM7_IRQHandler                          0x08003b3d   Thumb Code     6  stm32f4xx_it.o(i.TIM7_IRQHandler)
    TIM8_BRK_TIM12_IRQHandler                0x08003b49   Thumb Code    18  stm32f4xx_it.o(i.TIM8_BRK_TIM12_IRQHandler)
    TIM8_CC_IRQHandler                       0x08003b65   Thumb Code     6  stm32f4xx_it.o(i.TIM8_CC_IRQHandler)
    TIM8_TRG_COM_TIM14_IRQHandler            0x08003b71   Thumb Code    18  stm32f4xx_it.o(i.TIM8_TRG_COM_TIM14_IRQHandler)
    TIM8_UP_TIM13_IRQHandler                 0x08003b8d   Thumb Code    18  stm32f4xx_it.o(i.TIM8_UP_TIM13_IRQHandler)
    TIM_Base_SetConfig                       0x08003ba9   Thumb Code   148  stm32f4xx_hal_tim.o(i.TIM_Base_SetConfig)
    USART2_IRQHandler                        0x08003ded   Thumb Code     6  stm32f4xx_it.o(i.USART2_IRQHandler)
    _Error_Handler                           0x08003df9   Thumb Code     2  main.o(i._Error_Handler)
    testAnalogMeter()                        0x08003dfd   Thumb Code   118  main.o(i._Z15testAnalogMeterv)
    SystemClock_Config()                     0x08003e8d   Thumb Code   170  main.o(i._Z18SystemClock_Configv)
    map(long, long, long, long, long)        0x08003f41   Thumb Code    20  ili9341_gfx.o(i._Z3maplllll)
    dtostrf(double, signed char, unsigned char, char*) 0x08003f55   Thumb Code    52  ili9341_gfx.o(i._Z7dtostrfdahPc)
    GFX::TFT_DrawChar(char, unsigned char, unsigned char, unsigned short, unsigned short, unsigned short) 0x08003f95   Thumb Code   174  ili9341_gfx.o(i._ZN3GFX12TFT_DrawCharEchhttt)
    GFX::TFT_DrawText(const char*, unsigned char, unsigned char, unsigned short, unsigned short, unsigned short) 0x08004049   Thumb Code    64  ili9341_gfx.o(i._ZN3GFX12TFT_DrawTextEPKchhttt)
    GFX::TFT_PlotNeedle(int, unsigned char)  0x08004089   Thumb Code   782  ili9341_gfx.o(i._ZN3GFX14TFT_PlotNeedleEih)
    GFX::TFT_AnalogMeter()                   0x080043c1   Thumb Code  1444  ili9341_gfx.o(i._ZN3GFX15TFT_AnalogMeterEv)
    GFX::TFT_FillTriangle(int, int, int, int, int, int, unsigned) 0x08004985   Thumb Code   336  ili9341_gfx.o(i._ZN3GFX16TFT_FillTriangleEiiiiiij)
    GFX::TFT_DrawRectangle(unsigned short, unsigned short, unsigned short, unsigned short, unsigned short) 0x08004ad5   Thumb Code   106  ili9341_gfx.o(i._ZN3GFX17TFT_DrawRectangleEttttt)
    GFX::TFT_Init()                          0x08004b49   Thumb Code     4  ili9341_gfx.o(i._ZN3GFX8TFT_InitEv)
    ILI9341::ILI9341_Init()                  0x08004b4d   Thumb Code   710  ili9341_stm32_driver.o(i._ZN7ILI934112ILI9341_InitEv)
    ILI9341::ILI9341_Reset()                 0x08004e15   Thumb Code    50  ili9341_stm32_driver.o(i._ZN7ILI934113ILI9341_ResetEv)
    ILI9341::ILI9341_Enable()                0x08004e51   Thumb Code    10  ili9341_stm32_driver.o(i._ZN7ILI934114ILI9341_EnableEv)
    ILI9341::ILI9341_SPIInit()               0x08004e61   Thumb Code    24  ili9341_stm32_driver.o(i._ZN7ILI934115ILI9341_SPIInitEv)
    ILI9341::ILI9341_SPISend(unsigned char)  0x08004e7d   Thumb Code    16  ili9341_stm32_driver.o(i._ZN7ILI934115ILI9341_SPISendEh)
    ILI9341::ILI9341_DrawLine(int, int, int, int, unsigned) 0x08004e91   Thumb Code   286  ili9341_stm32_driver.o(i._ZN7ILI934116ILI9341_DrawLineEiiiij)
    ILI9341::ILI9341_DrawPixel(unsigned short, unsigned short, unsigned short) 0x08004fb1   Thumb Code   332  ili9341_stm32_driver.o(i._ZN7ILI934117ILI9341_DrawPixelEttt)
    ILI9341::ILI9341_WriteData(unsigned char) 0x08005109   Thumb Code    50  ili9341_stm32_driver.o(i._ZN7ILI934117ILI9341_WriteDataEh)
    ILI9341::ILI9341_FillScrenn(unsigned short) 0x08005141   Thumb Code    42  ili9341_stm32_driver.o(i._ZN7ILI934118ILI9341_FillScrennEt)
    ILI9341::ILI9341_SetAddress(unsigned short, unsigned short, unsigned short, unsigned short) 0x08005171   Thumb Code   106  ili9341_stm32_driver.o(i._ZN7ILI934118ILI9341_SetAddressEtttt)
    ILI9341::ILI9341_SetRotation(unsigned char) 0x080051dd   Thumb Code    72  ili9341_stm32_driver.o(i._ZN7ILI934119ILI9341_SetRotationEh)
    ILI9341::ILI9341_WriteCommand(unsigned char) 0x08005229   Thumb Code    50  ili9341_stm32_driver.o(i._ZN7ILI934120ILI9341_WriteCommandEh)
    ILI9341::ILI9341_DrawColourBurst(unsigned short, unsigned) 0x08005261   Thumb Code   138  ili9341_stm32_driver.o(i._ZN7ILI934123ILI9341_DrawColourBurstEtj)
    ILI9341::ILI9341_DrawVerticalLine(unsigned short, unsigned short, unsigned short, unsigned short) 0x080052f5   Thumb Code    74  ili9341_stm32_driver.o(i._ZN7ILI934124ILI9341_DrawVerticalLineEtttt)
    ILI9341::ILI9341_DrawHorizontalLine(unsigned short, unsigned short, unsigned short, unsigned short) 0x08005345   Thumb Code    76  ili9341_stm32_driver.o(i._ZN7ILI934126ILI9341_DrawHorizontalLineEtttt)
    __0sprintf                               0x08005395   Thumb Code    34  printfa.o(i.__0sprintf)
    __1sprintf                               0x08005395   Thumb Code     0  printfa.o(i.__0sprintf)
    __2sprintf                               0x08005395   Thumb Code     0  printfa.o(i.__0sprintf)
    __c89sprintf                             0x08005395   Thumb Code     0  printfa.o(i.__0sprintf)
    sprintf                                  0x08005395   Thumb Code     0  printfa.o(i.__0sprintf)
    __ARM_fpclassify                         0x080053bd   Thumb Code    48  fpclassify.o(i.__ARM_fpclassify)
    __hardfp_cos                             0x080053f1   Thumb Code   180  cos.o(i.__hardfp_cos)
    __hardfp_sin                             0x080054b9   Thumb Code   180  sin.o(i.__hardfp_sin)
    __hardfp_tan                             0x08005581   Thumb Code   108  tan.o(i.__hardfp_tan)
    __ieee754_rem_pio2                       0x08005601   Thumb Code   938  rred.o(i.__ieee754_rem_pio2)
    __kernel_cos                             0x08005a39   Thumb Code   322  cos_i.o(i.__kernel_cos)
    __kernel_poly                            0x08005ba9   Thumb Code   248  poly.o(i.__kernel_poly)
    __kernel_sin                             0x08005ca1   Thumb Code   280  sin_i.o(i.__kernel_sin)
    __kernel_tan                             0x08005dd1   Thumb Code   764  tan_i.o(i.__kernel_tan)
    __mathlib_dbl_infnan                     0x08006121   Thumb Code    20  dunder.o(i.__mathlib_dbl_infnan)
    __mathlib_dbl_invalid                    0x08006139   Thumb Code    24  dunder.o(i.__mathlib_dbl_invalid)
    __mathlib_dbl_underflow                  0x08006159   Thumb Code    24  dunder.o(i.__mathlib_dbl_underflow)
    __scatterload_copy                       0x08006179   Thumb Code    14  handlers.o(i.__scatterload_copy)
    __scatterload_null                       0x08006187   Thumb Code     2  handlers.o(i.__scatterload_null)
    __scatterload_zeroinit                   0x08006189   Thumb Code    14  handlers.o(i.__scatterload_zeroinit)
    __set_errno                              0x08006199   Thumb Code     6  errno.o(i.__set_errno)
    fabs                                     0x08006a89   Thumb Code    24  fabs.o(i.fabs)
    main                                     0x08006aa1   Thumb Code   110  main.o(i.main)
    AHBPrescTable                            0x08006d6c   Data          16  system_stm32f4xx.o(.constdata)
    APBPrescTable                            0x08006d7c   Data           8  system_stm32f4xx.o(.constdata)
    Region$$Table$$Base                      0x08006f08   Number         0  anon$$obj.o(Region$$Table)
    Region$$Table$$Limit                     0x08006f28   Number         0  anon$$obj.o(Region$$Table)
    SHT$$INIT_ARRAY$$Base                    0x08006f28   Number         0  ili9341_gfx.o(.init_array)
    SHT$$INIT_ARRAY$$Limit                   0x08006f2c   Number         0  cpp_init.o(.init_array)
    TFT                                      0x20000000   Data           1  main.o(.data)
    osx                                      0x20000004   Data           2  ili9341_gfx.o(.data)
    osy                                      0x20000006   Data           2  ili9341_gfx.o(.data)
    drawtri                                  0x20000008   Data           2  ili9341_gfx.o(.data)
    M_SIZE                                   0x2000000c   Data           4  ili9341_gfx.o(.data)
    ltx                                      0x20000010   Data           4  ili9341_gfx.o(.data)
    old_analog                               0x20000014   Data           4  ili9341_gfx.o(.data)
    LCD_HEIGHT                               0x20000018   Data           2  ili9341_stm32_driver.o(.data)
    LCD_WIDTH                                0x2000001a   Data           2  ili9341_stm32_driver.o(.data)
    uwTickFreq                               0x2000001c   Data           1  stm32f4xx_hal.o(.data)
    uwTickPrio                               0x20000020   Data           4  stm32f4xx_hal.o(.data)
    uwTick                                   0x20000024   Data           4  stm32f4xx_hal.o(.data)
    SystemCoreClock                          0x20000028   Data           4  system_stm32f4xx.o(.data)
    hi2c1                                    0x20000030   Data          84  i2c.o(.bss)
    hi2s3                                    0x20000084   Data          72  i2s.o(.bss)
    hrng                                     0x200000cc   Data          12  rng.o(.bss)
    hspi1                                    0x200000d8   Data          88  spi.o(.bss)
    htim1                                    0x20000130   Data          60  tim.o(.bss)
    htim2                                    0x2000016c   Data          60  tim.o(.bss)
    htim3                                    0x200001a8   Data          60  tim.o(.bss)
    htim4                                    0x200001e4   Data          60  tim.o(.bss)
    htim5                                    0x20000220   Data          60  tim.o(.bss)
    htim6                                    0x2000025c   Data          60  tim.o(.bss)
    htim7                                    0x20000298   Data          60  tim.o(.bss)
    htim8                                    0x200002d4   Data          60  tim.o(.bss)
    htim9                                    0x20000310   Data          60  tim.o(.bss)
    htim10                                   0x2000034c   Data          60  tim.o(.bss)
    htim11                                   0x20000388   Data          60  tim.o(.bss)
    htim12                                   0x200003c4   Data          60  tim.o(.bss)
    htim13                                   0x20000400   Data          60  tim.o(.bss)
    htim14                                   0x2000043c   Data          60  tim.o(.bss)
    huart2                                   0x20000478   Data          64  usart.o(.bss)
    pFlash                                   0x200004b8   Data          32  stm32f4xx_hal_flash.o(.bss)
    __initial_sp                             0x200008d8   Data           0  startup_stm32f407xx.o(STACK)



==============================================================================

Memory Map of the image

  Image Entry point : 0x08000189

  Load Region LR_IROM1 (Base: 0x08000000, Size: 0x00006f5c, Max: 0x00100000, ABSOLUTE)

    Execution Region ER_IROM1 (Exec base: 0x08000000, Load base: 0x08000000, Size: 0x00006f2c, Max: 0x00100000, ABSOLUTE)

    Exec Addr    Load Addr    Size         Type   Attr      Idx    E Section Name        Object

    0x08000000   0x08000000   0x00000188   Data   RO            3    RESET               startup_stm32f407xx.o
    0x08000188   0x08000188   0x00000000   Code   RO         4795  * .ARM.Collect$$$$00000000  mc_w.l(entry.o)
    0x08000188   0x08000188   0x00000004   Code   RO         5118    .ARM.Collect$$$$00000001  mc_w.l(entry2.o)
    0x0800018c   0x0800018c   0x00000004   Code   RO         5121    .ARM.Collect$$$$00000004  mc_w.l(entry5.o)
    0x08000190   0x08000190   0x00000000   Code   RO         5123    .ARM.Collect$$$$00000008  mc_w.l(entry7b.o)
    0x08000190   0x08000190   0x00000004   Code   RO         5124    .ARM.Collect$$$$00000009  mc_w.l(entry8a.o)
    0x08000194   0x08000194   0x00000000   Code   RO         5125    .ARM.Collect$$$$0000000A  mc_w.l(entry8b.o)
    0x08000194   0x08000194   0x00000008   Code   RO         5126    .ARM.Collect$$$$0000000B  mc_w.l(entry9a.o)
    0x0800019c   0x0800019c   0x00000000   Code   RO         5128    .ARM.Collect$$$$0000000D  mc_w.l(entry10a.o)
    0x0800019c   0x0800019c   0x00000000   Code   RO         5130    .ARM.Collect$$$$0000000F  mc_w.l(entry11a.o)
    0x0800019c   0x0800019c   0x00000004   Code   RO         5119    .ARM.Collect$$$$00002712  mc_w.l(entry2.o)
    0x080001a0   0x080001a0   0x00000024   Code   RO            4    .text               startup_stm32f407xx.o
    0x080001c4   0x080001c4   0x00000062   Code   RO         4798    .text               mc_w.l(uldiv.o)
    0x08000226   0x08000226   0x00000024   Code   RO         4800    .text               mc_w.l(memcpya.o)
    0x0800024a   0x0800024a   0x00000024   Code   RO         4802    .text               mc_w.l(memseta.o)
    0x0800026e   0x0800026e   0x00000002   PAD
    0x08000270   0x08000270   0x00000020   Code   RO         5070    .text               mc_w.l(cpp_init.o)
    0x08000290   0x08000290   0x0000014e   Code   RO         5072    .text               mf_w.l(dadd.o)
    0x080003de   0x080003de   0x000000e4   Code   RO         5074    .text               mf_w.l(dmul.o)
    0x080004c2   0x080004c2   0x00000022   Code   RO         5076    .text               mf_w.l(dflti.o)
    0x080004e4   0x080004e4   0x0000003e   Code   RO         5078    .text               mf_w.l(dfixi.o)
    0x08000522   0x08000522   0x00000026   Code   RO         5080    .text               mf_w.l(f2d.o)
    0x08000548   0x08000548   0x00000038   Code   RO         5082    .text               mf_w.l(d2f.o)
    0x08000580   0x08000580   0x0000002c   Code   RO         5135    .text               mc_w.l(uidiv.o)
    0x080005ac   0x080005ac   0x0000001e   Code   RO         5137    .text               mc_w.l(llshl.o)
    0x080005ca   0x080005ca   0x00000020   Code   RO         5139    .text               mc_w.l(llushr.o)
    0x080005ea   0x080005ea   0x00000024   Code   RO         5141    .text               mc_w.l(llsshr.o)
    0x0800060e   0x0800060e   0x00000000   Code   RO         5150    .text               mc_w.l(iusefp.o)
    0x0800060e   0x0800060e   0x0000006e   Code   RO         5151    .text               mf_w.l(fepilogue.o)
    0x0800067c   0x0800067c   0x000000ba   Code   RO         5153    .text               mf_w.l(depilogue.o)
    0x08000736   0x08000736   0x000000de   Code   RO         5155    .text               mf_w.l(ddiv.o)
    0x08000814   0x08000814   0x00000030   Code   RO         5159    .text               mf_w.l(dfixul.o)
    0x08000844   0x08000844   0x00000030   Code   RO         5161    .text               mf_w.l(cdrcmple.o)
    0x08000874   0x08000874   0x00000024   Code   RO         5173    .text               mc_w.l(init.o)
    0x08000898   0x08000898   0x0000001a   Code   RO         5177    .text               mf_w.l(dfltui.o)
    0x080008b2   0x080008b2   0x00000006   Code   RO         1187    i.EXTI9_5_IRQHandler  stm32f4xx_it.o
    0x080008b8   0x080008b8   0x00000050   Code   RO         3953    i.FLASH_Erase_Sector  stm32f4xx_hal_flash_ex.o
    0x08000908   0x08000908   0x00000054   Code   RO         3954    i.FLASH_FlushCaches  stm32f4xx_hal_flash_ex.o
    0x0800095c   0x0800095c   0x00000004   Code   RO         1188    i.FLASH_IRQHandler  stm32f4xx_it.o
    0x08000960   0x08000960   0x00000068   Code   RO         3839    i.FLASH_SetErrorCode  stm32f4xx_hal_flash.o
    0x080009c8   0x080009c8   0x00000002   Code   RO         1189    i.FPU_IRQHandler    stm32f4xx_it.o
    0x080009ca   0x080009ca   0x00000024   Code   RO         4142    i.HAL_DMA_Abort_IT  stm32f4xx_hal_dma.o
    0x080009ee   0x080009ee   0x00000002   PAD
    0x080009f0   0x080009f0   0x00000024   Code   RO         4560    i.HAL_Delay         stm32f4xx_hal.o
    0x08000a14   0x08000a14   0x00000002   Code   RO         3841    i.HAL_FLASH_EndOfOperationCallback  stm32f4xx_hal_flash.o
    0x08000a16   0x08000a16   0x00000002   PAD
    0x08000a18   0x08000a18   0x000000cc   Code   RO         3843    i.HAL_FLASH_IRQHandler  stm32f4xx_hal_flash.o
    0x08000ae4   0x08000ae4   0x00000002   Code   RO         3848    i.HAL_FLASH_OperationErrorCallback  stm32f4xx_hal_flash.o
    0x08000ae6   0x08000ae6   0x00000002   Code   RO         4032    i.HAL_GPIO_EXTI_Callback  stm32f4xx_hal_gpio.o
    0x08000ae8   0x08000ae8   0x00000018   Code   RO         4033    i.HAL_GPIO_EXTI_IRQHandler  stm32f4xx_hal_gpio.o
    0x08000b00   0x08000b00   0x000001b0   Code   RO         4034    i.HAL_GPIO_Init     stm32f4xx_hal_gpio.o
    0x08000cb0   0x08000cb0   0x0000000a   Code   RO         4038    i.HAL_GPIO_WritePin  stm32f4xx_hal_gpio.o
    0x08000cba   0x08000cba   0x00000002   PAD
    0x08000cbc   0x08000cbc   0x0000000c   Code   RO         4566    i.HAL_GetTick       stm32f4xx_hal.o
    0x08000cc8   0x08000cc8   0x00000002   Code   RO         1391    i.HAL_I2C_AbortCpltCallback  stm32f4xx_hal_i2c.o
    0x08000cca   0x08000cca   0x00000002   Code   RO         1392    i.HAL_I2C_AddrCallback  stm32f4xx_hal_i2c.o
    0x08000ccc   0x08000ccc   0x000000c4   Code   RO         1395    i.HAL_I2C_ER_IRQHandler  stm32f4xx_hal_i2c.o
    0x08000d90   0x08000d90   0x000001f0   Code   RO         1396    i.HAL_I2C_EV_IRQHandler  stm32f4xx_hal_i2c.o
    0x08000f80   0x08000f80   0x00000002   Code   RO         1398    i.HAL_I2C_ErrorCallback  stm32f4xx_hal_i2c.o
    0x08000f82   0x08000f82   0x00000002   PAD
    0x08000f84   0x08000f84   0x00000108   Code   RO         1402    i.HAL_I2C_Init      stm32f4xx_hal_i2c.o
    0x0800108c   0x0800108c   0x00000002   Code   RO         1404    i.HAL_I2C_ListenCpltCallback  stm32f4xx_hal_i2c.o
    0x0800108e   0x0800108e   0x00000002   Code   RO         1405    i.HAL_I2C_MasterRxCpltCallback  stm32f4xx_hal_i2c.o
    0x08001090   0x08001090   0x00000002   Code   RO         1406    i.HAL_I2C_MasterTxCpltCallback  stm32f4xx_hal_i2c.o
    0x08001092   0x08001092   0x00000002   Code   RO         1416    i.HAL_I2C_MemRxCpltCallback  stm32f4xx_hal_i2c.o
    0x08001094   0x08001094   0x00000002   Code   RO         1417    i.HAL_I2C_MemTxCpltCallback  stm32f4xx_hal_i2c.o
    0x08001096   0x08001096   0x00000002   PAD
    0x08001098   0x08001098   0x0000006c   Code   RO          153    i.HAL_I2C_MspInit   i2c.o
    0x08001104   0x08001104   0x00000002   Code   RO         1426    i.HAL_I2C_SlaveRxCpltCallback  stm32f4xx_hal_i2c.o
    0x08001106   0x08001106   0x00000002   Code   RO         1427    i.HAL_I2C_SlaveTxCpltCallback  stm32f4xx_hal_i2c.o
    0x08001108   0x08001108   0x000001e4   Code   RO         1986    i.HAL_I2SEx_FullDuplex_IRQHandler  stm32f4xx_hal_i2s_ex.o
    0x080012ec   0x080012ec   0x00000002   Code   RO         1990    i.HAL_I2SEx_TxRxCpltCallback  stm32f4xx_hal_i2s_ex.o
    0x080012ee   0x080012ee   0x00000002   Code   RO         1811    i.HAL_I2S_ErrorCallback  stm32f4xx_hal_i2s.o
    0x080012f0   0x080012f0   0x00000004   Code   RO         1814    i.HAL_I2S_IRQHandler  stm32f4xx_hal_i2s.o
    0x080012f4   0x080012f4   0x00000180   Code   RO         1815    i.HAL_I2S_Init      stm32f4xx_hal_i2s.o
    0x08001474   0x08001474   0x00000074   Code   RO          195    i.HAL_I2S_MspInit   i2s.o
    0x080014e8   0x080014e8   0x00000002   Code   RO         1821    i.HAL_I2S_RxCpltCallback  stm32f4xx_hal_i2s.o
    0x080014ea   0x080014ea   0x00000002   Code   RO         1826    i.HAL_I2S_TxCpltCallback  stm32f4xx_hal_i2s.o
    0x080014ec   0x080014ec   0x00000010   Code   RO         4570    i.HAL_IncTick       stm32f4xx_hal.o
    0x080014fc   0x080014fc   0x00000034   Code   RO         4571    i.HAL_Init          stm32f4xx_hal.o
    0x08001530   0x08001530   0x00000040   Code   RO         4572    i.HAL_InitTick      stm32f4xx_hal.o
    0x08001570   0x08001570   0x000000c4   Code   RO          482    i.HAL_MspInit       stm32f4xx_hal_msp.o
    0x08001634   0x08001634   0x00000016   Code   RO         4423    i.HAL_NVIC_EnableIRQ  stm32f4xx_hal_cortex.o
    0x0800164a   0x0800164a   0x00000002   PAD
    0x0800164c   0x0800164c   0x00000040   Code   RO         4429    i.HAL_NVIC_SetPriority  stm32f4xx_hal_cortex.o
    0x0800168c   0x0800168c   0x00000024   Code   RO         4430    i.HAL_NVIC_SetPriorityGrouping  stm32f4xx_hal_cortex.o
    0x080016b0   0x080016b0   0x00000002   Code   RO         4259    i.HAL_PWR_PVDCallback  stm32f4xx_hal_pwr.o
    0x080016b2   0x080016b2   0x00000002   PAD
    0x080016b4   0x080016b4   0x0000001c   Code   RO         4260    i.HAL_PWR_PVD_IRQHandler  stm32f4xx_hal_pwr.o
    0x080016d0   0x080016d0   0x0000005c   Code   RO         3784    i.HAL_RCCEx_GetPeriphCLKFreq  stm32f4xx_hal_rcc_ex.o
    0x0800172c   0x0800172c   0x0000013c   Code   RO         3785    i.HAL_RCCEx_PeriphCLKConfig  stm32f4xx_hal_rcc_ex.o
    0x08001868   0x08001868   0x00000130   Code   RO         3680    i.HAL_RCC_ClockConfig  stm32f4xx_hal_rcc.o
    0x08001998   0x08001998   0x0000000c   Code   RO         3685    i.HAL_RCC_GetHCLKFreq  stm32f4xx_hal_rcc.o
    0x080019a4   0x080019a4   0x00000020   Code   RO         3687    i.HAL_RCC_GetPCLK1Freq  stm32f4xx_hal_rcc.o
    0x080019c4   0x080019c4   0x00000060   Code   RO         3689    i.HAL_RCC_GetSysClockFreq  stm32f4xx_hal_rcc.o
    0x08001a24   0x08001a24   0x0000031c   Code   RO         3692    i.HAL_RCC_OscConfig  stm32f4xx_hal_rcc.o
    0x08001d40   0x08001d40   0x00000002   Code   RO         2071    i.HAL_RNG_ErrorCallback  stm32f4xx_hal_rng.o
    0x08001d42   0x08001d42   0x00000052   Code   RO         2077    i.HAL_RNG_IRQHandler  stm32f4xx_hal_rng.o
    0x08001d94   0x08001d94   0x00000030   Code   RO         2078    i.HAL_RNG_Init      stm32f4xx_hal_rng.o
    0x08001dc4   0x08001dc4   0x0000003c   Code   RO          237    i.HAL_RNG_MspInit   rng.o
    0x08001e00   0x08001e00   0x00000002   Code   RO         2082    i.HAL_RNG_ReadyDataCallback  stm32f4xx_hal_rng.o
    0x08001e02   0x08001e02   0x00000002   Code   RO         2173    i.HAL_SPI_ErrorCallback  stm32f4xx_hal_spi.o
    0x08001e04   0x08001e04   0x000000d4   Code   RO         2176    i.HAL_SPI_IRQHandler  stm32f4xx_hal_spi.o
    0x08001ed8   0x08001ed8   0x00000080   Code   RO         2177    i.HAL_SPI_Init      stm32f4xx_hal_spi.o
    0x08001f58   0x08001f58   0x00000058   Code   RO          279    i.HAL_SPI_MspInit   spi.o
    0x08001fb0   0x08001fb0   0x00000168   Code   RO         2185    i.HAL_SPI_Transmit  stm32f4xx_hal_spi.o
    0x08002118   0x08002118   0x00000018   Code   RO         4432    i.HAL_SYSTICK_CLKSourceConfig  stm32f4xx_hal_cortex.o
    0x08002130   0x08002130   0x00000002   Code   RO         4433    i.HAL_SYSTICK_Callback  stm32f4xx_hal_cortex.o
    0x08002132   0x08002132   0x00000028   Code   RO         4434    i.HAL_SYSTICK_Config  stm32f4xx_hal_cortex.o
    0x0800215a   0x0800215a   0x00000008   Code   RO         4435    i.HAL_SYSTICK_IRQHandler  stm32f4xx_hal_cortex.o
    0x08002162   0x08002162   0x00000002   Code   RO         3114    i.HAL_TIMEx_BreakCallback  stm32f4xx_hal_tim_ex.o
    0x08002164   0x08002164   0x00000002   Code   RO         3115    i.HAL_TIMEx_CommutationCallback  stm32f4xx_hal_tim_ex.o
    0x08002166   0x08002166   0x00000050   Code   RO         3131    i.HAL_TIMEx_MasterConfigSynchronization  stm32f4xx_hal_tim_ex.o
    0x080021b6   0x080021b6   0x00000036   Code   RO         2485    i.HAL_TIM_Base_Init  stm32f4xx_hal_tim.o
    0x080021ec   0x080021ec   0x000002a4   Code   RO          321    i.HAL_TIM_Base_MspInit  tim.o
    0x08002490   0x08002490   0x000000f2   Code   RO         2494    i.HAL_TIM_ConfigClockSource  stm32f4xx_hal_tim.o
    0x08002582   0x08002582   0x00000002   Code   RO         2514    i.HAL_TIM_IC_CaptureCallback  stm32f4xx_hal_tim.o
    0x08002584   0x08002584   0x00000166   Code   RO         2527    i.HAL_TIM_IRQHandler  stm32f4xx_hal_tim.o
    0x080026ea   0x080026ea   0x00000002   Code   RO         2530    i.HAL_TIM_OC_DelayElapsedCallback  stm32f4xx_hal_tim.o
    0x080026ec   0x080026ec   0x00000002   Code   RO         2557    i.HAL_TIM_PWM_PulseFinishedCallback  stm32f4xx_hal_tim.o
    0x080026ee   0x080026ee   0x00000002   Code   RO          506    i.HAL_TIM_PeriodElapsedCallback  main.o
    0x080026f0   0x080026f0   0x00000002   Code   RO         2568    i.HAL_TIM_TriggerCallback  stm32f4xx_hal_tim.o
    0x080026f2   0x080026f2   0x00000002   Code   RO         3374    i.HAL_UART_ErrorCallback  stm32f4xx_hal_uart.o
    0x080026f4   0x080026f4   0x00000110   Code   RO         3377    i.HAL_UART_IRQHandler  stm32f4xx_hal_uart.o
    0x08002804   0x08002804   0x00000002   Code   RO         3384    i.HAL_UART_RxCpltCallback  stm32f4xx_hal_uart.o
    0x08002806   0x08002806   0x00000002   Code   RO         3389    i.HAL_UART_TxCpltCallback  stm32f4xx_hal_uart.o
    0x08002808   0x08002808   0x0000000c   Code   RO         1190    i.HASH_RNG_IRQHandler  stm32f4xx_it.o
    0x08002814   0x08002814   0x0000000c   Code   RO         1191    i.I2C1_ER_IRQHandler  stm32f4xx_it.o
    0x08002820   0x08002820   0x0000000c   Code   RO         1192    i.I2C1_EV_IRQHandler  stm32f4xx_it.o
    0x0800282c   0x0800282c   0x0000004e   Code   RO         1436    i.I2C_DMAAbort      stm32f4xx_hal_i2c.o
    0x0800287a   0x0800287a   0x00000002   PAD
    0x0800287c   0x0800287c   0x00000124   Code   RO         1439    i.I2C_ITError       stm32f4xx_hal_i2c.o
    0x080029a0   0x080029a0   0x000000be   Code   RO         1441    i.I2C_MasterReceive_BTF  stm32f4xx_hal_i2c.o
    0x08002a5e   0x08002a5e   0x00000084   Code   RO         1442    i.I2C_MasterReceive_RXNE  stm32f4xx_hal_i2c.o
    0x08002ae2   0x08002ae2   0x00000080   Code   RO         1445    i.I2C_MasterTransmit_BTF  stm32f4xx_hal_i2c.o
    0x08002b62   0x08002b62   0x00000002   PAD
    0x08002b64   0x08002b64   0x00000108   Code   RO         1446    i.I2C_MasterTransmit_TXE  stm32f4xx_hal_i2c.o
    0x08002c6c   0x08002c6c   0x000000f4   Code   RO         1447    i.I2C_Master_ADDR   stm32f4xx_hal_i2c.o
    0x08002d60   0x08002d60   0x0000005a   Code   RO         1448    i.I2C_Master_SB     stm32f4xx_hal_i2c.o
    0x08002dba   0x08002dba   0x00000002   PAD
    0x08002dbc   0x08002dbc   0x00000084   Code   RO         1451    i.I2C_Slave_AF      stm32f4xx_hal_i2c.o
    0x08002e40   0x08002e40   0x000000dc   Code   RO         1452    i.I2C_Slave_STOPF   stm32f4xx_hal_i2c.o
    0x08002f1c   0x08002f1c   0x00000088   Code   RO         1992    i.I2SEx_FullDuplexRx_IT  stm32f4xx_hal_i2s_ex.o
    0x08002fa4   0x08002fa4   0x00000084   Code   RO         1993    i.I2SEx_FullDuplexTx_IT  stm32f4xx_hal_i2s_ex.o
    0x08003028   0x08003028   0x000000f0   Code   RO         1833    i.I2S_IRQHandler    stm32f4xx_hal_i2s.o
    0x08003118   0x08003118   0x000001d0   Code   RO           13    i.MX_GPIO_Init      gpio.o
    0x080032e8   0x080032e8   0x00000054   Code   RO          154    i.MX_I2C1_Init      i2c.o
    0x0800333c   0x0800333c   0x00000050   Code   RO          196    i.MX_I2S3_Init      i2s.o
    0x0800338c   0x0800338c   0x00000038   Code   RO          238    i.MX_RNG_Init       rng.o
    0x080033c4   0x080033c4   0x00000060   Code   RO          280    i.MX_SPI1_Init      spi.o
    0x08003424   0x08003424   0x00000044   Code   RO          322    i.MX_TIM10_Init     tim.o
    0x08003468   0x08003468   0x00000044   Code   RO          323    i.MX_TIM11_Init     tim.o
    0x080034ac   0x080034ac   0x00000058   Code   RO          324    i.MX_TIM12_Init     tim.o
    0x08003504   0x08003504   0x00000044   Code   RO          325    i.MX_TIM13_Init     tim.o
    0x08003548   0x08003548   0x00000044   Code   RO          326    i.MX_TIM14_Init     tim.o
    0x0800358c   0x0800358c   0x00000070   Code   RO          327    i.MX_TIM1_Init      tim.o
    0x080035fc   0x080035fc   0x0000006c   Code   RO          328    i.MX_TIM2_Init      tim.o
    0x08003668   0x08003668   0x00000070   Code   RO          329    i.MX_TIM3_Init      tim.o
    0x080036d8   0x080036d8   0x00000070   Code   RO          330    i.MX_TIM4_Init      tim.o
    0x08003748   0x08003748   0x00000070   Code   RO          331    i.MX_TIM5_Init      tim.o
    0x080037b8   0x080037b8   0x00000058   Code   RO          332    i.MX_TIM6_Init      tim.o
    0x08003810   0x08003810   0x00000058   Code   RO          333    i.MX_TIM7_Init      tim.o
    0x08003868   0x08003868   0x00000078   Code   RO          334    i.MX_TIM8_Init      tim.o
    0x080038e0   0x080038e0   0x00000058   Code   RO          335    i.MX_TIM9_Init      tim.o
    0x08003938   0x08003938   0x00000020   Code   RO         4436    i.NVIC_SetPriority  stm32f4xx_hal_cortex.o
    0x08003958   0x08003958   0x00000004   Code   RO         1193    i.PVD_IRQHandler    stm32f4xx_it.o
    0x0800395c   0x0800395c   0x00000002   Code   RO         1194    i.RCC_IRQHandler    stm32f4xx_it.o
    0x0800395e   0x0800395e   0x00000002   PAD
    0x08003960   0x08003960   0x0000000c   Code   RO         1195    i.SPI1_IRQHandler   stm32f4xx_it.o
    0x0800396c   0x0800396c   0x0000000c   Code   RO         1196    i.SPI3_IRQHandler   stm32f4xx_it.o
    0x08003978   0x08003978   0x00000020   Code   RO         2201    i.SPI_CheckFlag_BSY  stm32f4xx_hal_spi.o
    0x08003998   0x08003998   0x00000010   Code   RO         2205    i.SPI_DMAAbortOnError  stm32f4xx_hal_spi.o
    0x080039a8   0x080039a8   0x00000096   Code   RO         2219    i.SPI_WaitFlagStateUntilTimeout  stm32f4xx_hal_spi.o
    0x08003a3e   0x08003a3e   0x0000000e   Code   RO         1197    i.SysTick_Handler   stm32f4xx_it.o
    0x08003a4c   0x08003a4c   0x00000054   Code   RO         4725    i.SystemInit        system_stm32f4xx.o
    0x08003aa0   0x08003aa0   0x0000001c   Code   RO         1198    i.TIM1_BRK_TIM9_IRQHandler  stm32f4xx_it.o
    0x08003abc   0x08003abc   0x0000000c   Code   RO         1199    i.TIM1_CC_IRQHandler  stm32f4xx_it.o
    0x08003ac8   0x08003ac8   0x0000001c   Code   RO         1200    i.TIM1_TRG_COM_TIM11_IRQHandler  stm32f4xx_it.o
    0x08003ae4   0x08003ae4   0x0000001c   Code   RO         1201    i.TIM1_UP_TIM10_IRQHandler  stm32f4xx_it.o
    0x08003b00   0x08003b00   0x0000000c   Code   RO         1202    i.TIM2_IRQHandler   stm32f4xx_it.o
    0x08003b0c   0x08003b0c   0x0000000c   Code   RO         1203    i.TIM3_IRQHandler   stm32f4xx_it.o
    0x08003b18   0x08003b18   0x0000000c   Code   RO         1204    i.TIM4_IRQHandler   stm32f4xx_it.o
    0x08003b24   0x08003b24   0x0000000c   Code   RO         1205    i.TIM5_IRQHandler   stm32f4xx_it.o
    0x08003b30   0x08003b30   0x0000000c   Code   RO         1206    i.TIM6_DAC_IRQHandler  stm32f4xx_it.o
    0x08003b3c   0x08003b3c   0x0000000c   Code   RO         1207    i.TIM7_IRQHandler   stm32f4xx_it.o
    0x08003b48   0x08003b48   0x0000001c   Code   RO         1208    i.TIM8_BRK_TIM12_IRQHandler  stm32f4xx_it.o
    0x08003b64   0x08003b64   0x0000000c   Code   RO         1209    i.TIM8_CC_IRQHandler  stm32f4xx_it.o
    0x08003b70   0x08003b70   0x0000001c   Code   RO         1210    i.TIM8_TRG_COM_TIM14_IRQHandler  stm32f4xx_it.o
    0x08003b8c   0x08003b8c   0x0000001c   Code   RO         1211    i.TIM8_UP_TIM13_IRQHandler  stm32f4xx_it.o
    0x08003ba8   0x08003ba8   0x000000c0   Code   RO         2569    i.TIM_Base_SetConfig  stm32f4xx_hal_tim.o
    0x08003c68   0x08003c68   0x00000014   Code   RO         2576    i.TIM_ETR_SetConfig  stm32f4xx_hal_tim.o
    0x08003c7c   0x08003c7c   0x00000010   Code   RO         2577    i.TIM_ITRx_SetConfig  stm32f4xx_hal_tim.o
    0x08003c8c   0x08003c8c   0x00000022   Code   RO         2583    i.TIM_TI1_ConfigInputStage  stm32f4xx_hal_tim.o
    0x08003cae   0x08003cae   0x00000024   Code   RO         2585    i.TIM_TI2_ConfigInputStage  stm32f4xx_hal_tim.o
    0x08003cd2   0x08003cd2   0x00000010   Code   RO         3391    i.UART_DMAAbortOnError  stm32f4xx_hal_uart.o
    0x08003ce2   0x08003ce2   0x0000001c   Code   RO         3401    i.UART_EndRxTransfer  stm32f4xx_hal_uart.o
    0x08003cfe   0x08003cfe   0x0000008c   Code   RO         3403    i.UART_Receive_IT   stm32f4xx_hal_uart.o
    0x08003d8a   0x08003d8a   0x00000062   Code   RO         3405    i.UART_Transmit_IT  stm32f4xx_hal_uart.o
    0x08003dec   0x08003dec   0x0000000c   Code   RO         1212    i.USART2_IRQHandler  stm32f4xx_it.o
    0x08003df8   0x08003df8   0x00000002   Code   RO          507    i._Error_Handler    main.o
    0x08003dfa   0x08003dfa   0x00000002   PAD
    0x08003dfc   0x08003dfc   0x00000090   Code   RO          509    i._Z15testAnalogMeterv  main.o
    0x08003e8c   0x08003e8c   0x000000b4   Code   RO          510    i._Z18SystemClock_Configv  main.o
    0x08003f40   0x08003f40   0x00000014   Code   RO          901    i._Z3maplllll       ili9341_gfx.o
    0x08003f54   0x08003f54   0x00000040   Code   RO          902    i._Z7dtostrfdahPc   ili9341_gfx.o
    0x08003f94   0x08003f94   0x000000b4   Code   RO          904    i._ZN3GFX12TFT_DrawCharEchhttt  ili9341_gfx.o
    0x08004048   0x08004048   0x00000040   Code   RO          905    i._ZN3GFX12TFT_DrawTextEPKchhttt  ili9341_gfx.o
    0x08004088   0x08004088   0x00000338   Code   RO          908    i._ZN3GFX14TFT_PlotNeedleEih  ili9341_gfx.o
    0x080043c0   0x080043c0   0x000005c4   Code   RO          909    i._ZN3GFX15TFT_AnalogMeterEv  ili9341_gfx.o
    0x08004984   0x08004984   0x00000150   Code   RO          914    i._ZN3GFX16TFT_FillTriangleEiiiiiij  ili9341_gfx.o
    0x08004ad4   0x08004ad4   0x00000074   Code   RO          915    i._ZN3GFX17TFT_DrawRectangleEttttt  ili9341_gfx.o
    0x08004b48   0x08004b48   0x00000004   Code   RO          920    i._ZN3GFX8TFT_InitEv  ili9341_gfx.o
    0x08004b4c   0x08004b4c   0x000002c6   Code   RO         1066    i._ZN7ILI934112ILI9341_InitEv  ili9341_stm32_driver.o
    0x08004e12   0x08004e12   0x00000002   PAD
    0x08004e14   0x08004e14   0x0000003c   Code   RO         1067    i._ZN7ILI934113ILI9341_ResetEv  ili9341_stm32_driver.o
    0x08004e50   0x08004e50   0x00000010   Code   RO         1068    i._ZN7ILI934114ILI9341_EnableEv  ili9341_stm32_driver.o
    0x08004e60   0x08004e60   0x0000001c   Code   RO         1069    i._ZN7ILI934115ILI9341_SPIInitEv  ili9341_stm32_driver.o
    0x08004e7c   0x08004e7c   0x00000014   Code   RO         1070    i._ZN7ILI934115ILI9341_SPISendEh  ili9341_stm32_driver.o
    0x08004e90   0x08004e90   0x0000011e   Code   RO         1071    i._ZN7ILI934116ILI9341_DrawLineEiiiij  ili9341_stm32_driver.o
    0x08004fae   0x08004fae   0x00000002   PAD
    0x08004fb0   0x08004fb0   0x00000158   Code   RO         1072    i._ZN7ILI934117ILI9341_DrawPixelEttt  ili9341_stm32_driver.o
    0x08005108   0x08005108   0x00000038   Code   RO         1073    i._ZN7ILI934117ILI9341_WriteDataEh  ili9341_stm32_driver.o
    0x08005140   0x08005140   0x00000030   Code   RO         1075    i._ZN7ILI934118ILI9341_FillScrennEt  ili9341_stm32_driver.o
    0x08005170   0x08005170   0x0000006a   Code   RO         1076    i._ZN7ILI934118ILI9341_SetAddressEtttt  ili9341_stm32_driver.o
    0x080051da   0x080051da   0x00000002   PAD
    0x080051dc   0x080051dc   0x0000004c   Code   RO         1077    i._ZN7ILI934119ILI9341_SetRotationEh  ili9341_stm32_driver.o
    0x08005228   0x08005228   0x00000038   Code   RO         1078    i._ZN7ILI934120ILI9341_WriteCommandEh  ili9341_stm32_driver.o
    0x08005260   0x08005260   0x00000094   Code   RO         1079    i._ZN7ILI934123ILI9341_DrawColourBurstEtj  ili9341_stm32_driver.o
    0x080052f4   0x080052f4   0x00000050   Code   RO         1080    i._ZN7ILI934124ILI9341_DrawVerticalLineEtttt  ili9341_stm32_driver.o
    0x08005344   0x08005344   0x00000050   Code   RO         1081    i._ZN7ILI934126ILI9341_DrawHorizontalLineEtttt  ili9341_stm32_driver.o
    0x08005394   0x08005394   0x00000028   Code   RO         5041    i.__0sprintf        mc_w.l(printfa.o)
    0x080053bc   0x080053bc   0x00000030   Code   RO         5169    i.__ARM_fpclassify  m_wm.l(fpclassify.o)
    0x080053ec   0x080053ec   0x00000004   PAD
    0x080053f0   0x080053f0   0x000000c8   Code   RO         4759    i.__hardfp_cos      m_wm.l(cos.o)
    0x080054b8   0x080054b8   0x000000c8   Code   RO         4771    i.__hardfp_sin      m_wm.l(sin.o)
    0x08005580   0x08005580   0x00000080   Code   RO         4783    i.__hardfp_tan      m_wm.l(tan.o)
    0x08005600   0x08005600   0x00000438   Code   RO         5101    i.__ieee754_rem_pio2  m_wm.l(rred.o)
    0x08005a38   0x08005a38   0x00000170   Code   RO         5084    i.__kernel_cos      m_wm.l(cos_i.o)
    0x08005ba8   0x08005ba8   0x000000f8   Code   RO         5171    i.__kernel_poly     m_wm.l(poly.o)
    0x08005ca0   0x08005ca0   0x00000130   Code   RO         5106    i.__kernel_sin      m_wm.l(sin_i.o)
    0x08005dd0   0x08005dd0   0x00000350   Code   RO         5112    i.__kernel_tan      m_wm.l(tan_i.o)
    0x08006120   0x08006120   0x00000014   Code   RO         5088    i.__mathlib_dbl_infnan  m_wm.l(dunder.o)
    0x08006134   0x08006134   0x00000004   PAD
    0x08006138   0x08006138   0x00000020   Code   RO         5090    i.__mathlib_dbl_invalid  m_wm.l(dunder.o)
    0x08006158   0x08006158   0x00000020   Code   RO         5093    i.__mathlib_dbl_underflow  m_wm.l(dunder.o)
    0x08006178   0x08006178   0x0000000e   Code   RO         5181    i.__scatterload_copy  mc_w.l(handlers.o)
    0x08006186   0x08006186   0x00000002   Code   RO         5182    i.__scatterload_null  mc_w.l(handlers.o)
    0x08006188   0x08006188   0x0000000e   Code   RO         5183    i.__scatterload_zeroinit  mc_w.l(handlers.o)
    0x08006196   0x08006196   0x00000002   PAD
    0x08006198   0x08006198   0x0000000c   Code   RO         5145    i.__set_errno       mc_w.l(errno.o)
    0x080061a4   0x080061a4   0x00000028   Code   RO          921    i.__sti___15_ILI9341_GFX_cpp_M_SIZE  ili9341_gfx.o
    0x080061cc   0x080061cc   0x00000184   Code   RO         5046    i._fp_digits        mc_w.l(printfa.o)
    0x08006350   0x08006350   0x000006dc   Code   RO         5047    i._printf_core      mc_w.l(printfa.o)
    0x08006a2c   0x08006a2c   0x00000024   Code   RO         5048    i._printf_post_padding  mc_w.l(printfa.o)
    0x08006a50   0x08006a50   0x0000002e   Code   RO         5049    i._printf_pre_padding  mc_w.l(printfa.o)
    0x08006a7e   0x08006a7e   0x0000000a   Code   RO         5051    i._sputc            mc_w.l(printfa.o)
    0x08006a88   0x08006a88   0x00000018   Code   RO         5165    i.fabs              m_wm.l(fabs.o)
    0x08006aa0   0x08006aa0   0x00000074   Code   RO          511    i.main              main.o
    0x08006b14   0x08006b14   0x00000018   Data   RO          518    .constdata          main.o
    0x08006b2c   0x08006b2c   0x00000240   Data   RO          944    .constdata          ili9341_gfx.o
    0x08006d6c   0x08006d6c   0x00000010   Data   RO         4726    .constdata          system_stm32f4xx.o
    0x08006d7c   0x08006d7c   0x00000008   Data   RO         4727    .constdata          system_stm32f4xx.o
    0x08006d84   0x08006d84   0x00000004   PAD
    0x08006d88   0x08006d88   0x00000030   Data   RO         5085    .constdata          m_wm.l(cos_i.o)
    0x08006db8   0x08006db8   0x000000c8   Data   RO         5103    .constdata          m_wm.l(rred.o)
    0x08006e80   0x08006e80   0x00000028   Data   RO         5107    .constdata          m_wm.l(sin_i.o)
    0x08006ea8   0x08006ea8   0x00000060   Data   RO         5113    .constdata          m_wm.l(tan_i.o)
    0x08006f08   0x08006f08   0x00000020   Data   RO         5179    Region$$Table       anon$$obj.o
    0x08006f28   0x08006f28   0x00000004   Data   RO          949    .init_array         ili9341_gfx.o
    0x08006f2c   0x08006f28   0x00000000   Data   RO         5068    .init_array         mc_w.l(cpp_init.o)


    Execution Region RW_IRAM1 (Exec base: 0x20000000, Load base: 0x08006f2c, Size: 0x000008d8, Max: 0x00020000, ABSOLUTE)

    Exec Addr    Load Addr    Size         Type   Attr      Idx    E Section Name        Object

    0x20000000   0x08006f2c   0x00000001   Data   RW          528    .data               main.o
    0x20000001   0x08006f2d   0x00000003   PAD
    0x20000004   0x08006f30   0x00000014   Data   RW          945    .data               ili9341_gfx.o
    0x20000018   0x08006f44   0x00000004   Data   RW         1098    .data               ili9341_stm32_driver.o
    0x2000001c   0x08006f48   0x0000000c   Data   RW         4578    .data               stm32f4xx_hal.o
    0x20000028   0x08006f54   0x00000004   Data   RW         4728    .data               system_stm32f4xx.o
    0x2000002c   0x08006f58   0x00000004   Data   RW         5146    .data               mc_w.l(errno.o)
    0x20000030        -       0x00000054   Zero   RW          155    .bss                i2c.o
    0x20000084        -       0x00000048   Zero   RW          197    .bss                i2s.o
    0x200000cc        -       0x0000000c   Zero   RW          239    .bss                rng.o
    0x200000d8        -       0x00000058   Zero   RW          281    .bss                spi.o
    0x20000130        -       0x00000348   Zero   RW          336    .bss                tim.o
    0x20000478        -       0x00000040   Zero   RW          443    .bss                usart.o
    0x200004b8        -       0x00000020   Zero   RW         3852    .bss                stm32f4xx_hal_flash.o
    0x200004d8        -       0x00000400   Zero   RW            1    STACK               startup_stm32f407xx.o


==============================================================================

Image component sizes


      Code (inc. data)   RO Data    RW Data    ZI Data      Debug   Object Name

       464         32          0          0          0     702187   gpio.o
       192         42          0          0         84       1721   i2c.o
       196         46          0          0         72       1725   i2s.o
      3124        164        580         20          0      11160   ili9341_gfx.o
      2114         84          0          4          0      12911   ili9341_stm32_driver.o
       444         42         24          1          0     669070   main.o
       116         34          0          0         12       1623   rng.o
       184         36          0          0         88       1721   spi.o
        36          8        392          0       1024        860   startup_stm32f407xx.o
       180         28          0         12          0       4757   stm32f4xx_hal.o
       228         14          0          0          0      32365   stm32f4xx_hal_cortex.o
        36          0          0          0          0       1267   stm32f4xx_hal_dma.o
       312         18          0          0         32       2878   stm32f4xx_hal_flash.o
       164         10          0          0          0       1381   stm32f4xx_hal_flash_ex.o
       468         50          0          0          0       3724   stm32f4xx_hal_gpio.o
      2746         42          0          0          0      20557   stm32f4xx_hal_i2c.o
       634         18          0          0          0       4918   stm32f4xx_hal_i2s.o
       754         26          0          0          0       3731   stm32f4xx_hal_i2s_ex.o
       196          6          0          0          0        990   stm32f4xx_hal_msp.o
        30          6          0          0          0       1159   stm32f4xx_hal_pwr.o
      1240         70          0          0          0       5181   stm32f4xx_hal_rcc.o
       408         36          0          0          0       2353   stm32f4xx_hal_rcc_ex.o
       134          0          0          0          0       2976   stm32f4xx_hal_rng.o
       900          4          0          0          0       6539   stm32f4xx_hal_spi.o
       960         44          0          0          0       9591   stm32f4xx_hal_tim.o
        84          0          0          0          0       2510   stm32f4xx_hal_tim_ex.o
       560          6          0          0          0       6219   stm32f4xx_hal_uart.o
       368        144          0          0          0      12708   stm32f4xx_it.o
        84         18         24          4          0       1231   system_stm32f4xx.o
      1976        408          0          0        840      10329   tim.o
         0          0          0          0         64        221   usart.o

    ----------------------------------------------------------------------
     19362       1436       1056         44       2216    1540563   Object Totals
         0          0         32          0          0          0   (incl. Generated)
        30          0          4          3          0          0   (incl. Padding)

    ----------------------------------------------------------------------

      Code (inc. data)   RO Data    RW Data    ZI Data      Debug   Library Member Name

       200         20          0          0          0        164   cos.o
       368         46         48          0          0        200   cos_i.o
        84         16          0          0          0        372   dunder.o
        24          0          0          0          0        124   fabs.o
        48          0          0          0          0        124   fpclassify.o
       248          0          0          0          0        152   poly.o
      1080        142        200          0          0        188   rred.o
       200         20          0          0          0        164   sin.o
       304         24         40          0          0        208   sin_i.o
       128         20          0          0          0        144   tan.o
       848         84         96          0          0        196   tan_i.o
        32         10          0          0          0         80   cpp_init.o
         0          0          0          0          0          0   entry.o
         0          0          0          0          0          0   entry10a.o
         0          0          0          0          0          0   entry11a.o
         8          4          0          0          0          0   entry2.o
         4          0          0          0          0          0   entry5.o
         0          0          0          0          0          0   entry7b.o
         4          0          0          0          0          0   entry8a.o
         0          0          0          0          0          0   entry8b.o
         8          4          0          0          0          0   entry9a.o
        12          6          0          4          0         68   errno.o
        30          0          0          0          0          0   handlers.o
        36          8          0          0          0         68   init.o
         0          0          0          0          0          0   iusefp.o
        30          0          0          0          0         68   llshl.o
        36          0          0          0          0         68   llsshr.o
        32          0          0          0          0         68   llushr.o
        36          0          0          0          0         68   memcpya.o
        36          0          0          0          0        108   memseta.o
      2276         86          0          0          0        520   printfa.o
        44          0          0          0          0         80   uidiv.o
        98          0          0          0          0         92   uldiv.o
        48          0          0          0          0         68   cdrcmple.o
        56          0          0          0          0         88   d2f.o
       334          0          0          0          0        148   dadd.o
       222          0          0          0          0        100   ddiv.o
       186          0          0          0          0        176   depilogue.o
        62          0          0          0          0         80   dfixi.o
        48          0          0          0          0         68   dfixul.o
        34          0          0          0          0         76   dflti.o
        26          0          0          0          0         76   dfltui.o
       228          0          0          0          0         96   dmul.o
        38          0          0          0          0         68   f2d.o
       110          0          0          0          0        168   fepilogue.o

    ----------------------------------------------------------------------
      7658        490        384          4          0       4536   Library Totals
        12          0          0          0          0          0   (incl. Padding)

    ----------------------------------------------------------------------

      Code (inc. data)   RO Data    RW Data    ZI Data      Debug   Library Name

      3532        372        384          0          0       2036   m_wm.l
      2722        118          0          4          0       1288   mc_w.l
      1392          0          0          0          0       1212   mf_w.l

    ----------------------------------------------------------------------
      7658        490        384          4          0       4536   Library Totals

    ----------------------------------------------------------------------

==============================================================================


      Code (inc. data)   RO Data    RW Data    ZI Data      Debug   

     27020       1926       1440         48       2216    1525203   Grand Totals
     27020       1926       1440         48       2216    1525203   ELF Image Totals
     27020       1926       1440         48          0          0   ROM Totals

==============================================================================

    Total RO  Size (Code + RO Data)                28460 (  27.79kB)
    Total RW  Size (RW Data + ZI Data)              2264 (   2.21kB)
    Total ROM Size (Code + RO Data + RW Data)      28508 (  27.84kB)

==============================================================================

